Archive member included because of file (symbol)

/usr/bin/../lib/gcc/arm-none-eabi/4.9.3/../../../../arm-none-eabi/lib/armv7e-m/fpu/libg.a(lib_a-ctype_.o)
                              parser.o (__ctype_ptr__)
/usr/bin/../lib/gcc/arm-none-eabi/4.9.3/../../../../arm-none-eabi/lib/armv7e-m/fpu/libg.a(lib_a-errno.o)
                              syscall.o (__errno)
/usr/bin/../lib/gcc/arm-none-eabi/4.9.3/../../../../arm-none-eabi/lib/armv7e-m/fpu/libg.a(lib_a-exit.o)
                              /usr/bin/../lib/gcc/arm-none-eabi/4.9.3/../../../../arm-none-eabi/lib/armv7e-m/fpu/crt0.o (exit)
/usr/bin/../lib/gcc/arm-none-eabi/4.9.3/../../../../arm-none-eabi/lib/armv7e-m/fpu/libg.a(lib_a-impure.o)
                              /usr/bin/../lib/gcc/arm-none-eabi/4.9.3/../../../../arm-none-eabi/lib/armv7e-m/fpu/libg.a(lib_a-exit.o) (_global_impure_ptr)
/usr/bin/../lib/gcc/arm-none-eabi/4.9.3/../../../../arm-none-eabi/lib/armv7e-m/fpu/libg.a(lib_a-init.o)
                              /usr/bin/../lib/gcc/arm-none-eabi/4.9.3/../../../../arm-none-eabi/lib/armv7e-m/fpu/crt0.o (__libc_init_array)
/usr/bin/../lib/gcc/arm-none-eabi/4.9.3/../../../../arm-none-eabi/lib/armv7e-m/fpu/libg.a(lib_a-memset.o)
                              /usr/bin/../lib/gcc/arm-none-eabi/4.9.3/../../../../arm-none-eabi/lib/armv7e-m/fpu/crt0.o (memset)
/usr/bin/../lib/gcc/arm-none-eabi/4.9.3/../../../../arm-none-eabi/lib/armv7e-m/fpu/libg.a(lib_a-printf.o)
                              main.o (printf)
/usr/bin/../lib/gcc/arm-none-eabi/4.9.3/../../../../arm-none-eabi/lib/armv7e-m/fpu/libg.a(lib_a-putchar.o)
                              parser.o (putchar)
/usr/bin/../lib/gcc/arm-none-eabi/4.9.3/../../../../arm-none-eabi/lib/armv7e-m/fpu/libg.a(lib_a-puts.o)
                              main.o (puts)
/usr/bin/../lib/gcc/arm-none-eabi/4.9.3/../../../../arm-none-eabi/lib/armv7e-m/fpu/libg.a(lib_a-setvbuf.o)
                              terminal.o (setvbuf)
/usr/bin/../lib/gcc/arm-none-eabi/4.9.3/../../../../arm-none-eabi/lib/armv7e-m/fpu/libg.a(lib_a-strcasecmp.o)
                              parser.o (strcasecmp)
/usr/bin/../lib/gcc/arm-none-eabi/4.9.3/../../../../arm-none-eabi/lib/armv7e-m/fpu/libg.a(lib_a-strcpy.o)
                              parser.o (strcpy)
/usr/bin/../lib/gcc/arm-none-eabi/4.9.3/../../../../arm-none-eabi/lib/armv7e-m/fpu/libg.a(lib_a-strlen.o)
                              parser.o (strlen)
/usr/bin/../lib/gcc/arm-none-eabi/4.9.3/../../../../arm-none-eabi/lib/armv7e-m/fpu/libg.a(lib_a-strtok.o)
                              parser.o (strtok)
/usr/bin/../lib/gcc/arm-none-eabi/4.9.3/../../../../arm-none-eabi/lib/armv7e-m/fpu/libg.a(lib_a-strtok_r.o)
                              /usr/bin/../lib/gcc/arm-none-eabi/4.9.3/../../../../arm-none-eabi/lib/armv7e-m/fpu/libg.a(lib_a-strtok.o) (__strtok_r)
/usr/bin/../lib/gcc/arm-none-eabi/4.9.3/../../../../arm-none-eabi/lib/armv7e-m/fpu/libg.a(lib_a-strtol.o)
                              parser.o (strtol)
/usr/bin/../lib/gcc/arm-none-eabi/4.9.3/../../../../arm-none-eabi/lib/armv7e-m/fpu/libg.a(lib_a-strtoul.o)
                              parser.o (strtoul)
/usr/bin/../lib/gcc/arm-none-eabi/4.9.3/../../../../arm-none-eabi/lib/armv7e-m/fpu/libg.a(lib_a-vfprintf.o)
                              /usr/bin/../lib/gcc/arm-none-eabi/4.9.3/../../../../arm-none-eabi/lib/armv7e-m/fpu/libg.a(lib_a-printf.o) (_vfprintf_r)
/usr/bin/../lib/gcc/arm-none-eabi/4.9.3/../../../../arm-none-eabi/lib/armv7e-m/fpu/libg.a(lib_a-wsetup.o)
                              /usr/bin/../lib/gcc/arm-none-eabi/4.9.3/../../../../arm-none-eabi/lib/armv7e-m/fpu/libg.a(lib_a-vfprintf.o) (__swsetup_r)
/usr/bin/../lib/gcc/arm-none-eabi/4.9.3/../../../../arm-none-eabi/lib/armv7e-m/fpu/libg.a(lib_a-__call_atexit.o)
                              /usr/bin/../lib/gcc/arm-none-eabi/4.9.3/../../../../arm-none-eabi/lib/armv7e-m/fpu/libg.a(lib_a-exit.o) (__call_exitprocs)
/usr/bin/../lib/gcc/arm-none-eabi/4.9.3/../../../../arm-none-eabi/lib/armv7e-m/fpu/libg.a(lib_a-atexit.o)
                              /usr/bin/../lib/gcc/arm-none-eabi/4.9.3/../../../../arm-none-eabi/lib/armv7e-m/fpu/libg.a(lib_a-__call_atexit.o) (atexit)
/usr/bin/../lib/gcc/arm-none-eabi/4.9.3/../../../../arm-none-eabi/lib/armv7e-m/fpu/libg.a(lib_a-dtoa.o)
                              /usr/bin/../lib/gcc/arm-none-eabi/4.9.3/../../../../arm-none-eabi/lib/armv7e-m/fpu/libg.a(lib_a-vfprintf.o) (_dtoa_r)
/usr/bin/../lib/gcc/arm-none-eabi/4.9.3/../../../../arm-none-eabi/lib/armv7e-m/fpu/libg.a(lib_a-fflush.o)
                              /usr/bin/../lib/gcc/arm-none-eabi/4.9.3/../../../../arm-none-eabi/lib/armv7e-m/fpu/libg.a(lib_a-setvbuf.o) (_fflush_r)
/usr/bin/../lib/gcc/arm-none-eabi/4.9.3/../../../../arm-none-eabi/lib/armv7e-m/fpu/libg.a(lib_a-findfp.o)
                              /usr/bin/../lib/gcc/arm-none-eabi/4.9.3/../../../../arm-none-eabi/lib/armv7e-m/fpu/libg.a(lib_a-setvbuf.o) (_cleanup_r)
[...]
Memory Configuration

Name             Origin             Length             Attributes
FLASH            0x0000000008000000 0x0000000000040000 xr
RAM              0x0000000020000000 0x000000000000a000 xrw
CCMRAM           0x0000000010000000 0x0000000000002000 rw
*default*        0x0000000000000000 0xffffffffffffffff

Linker script and memory map

LOAD /usr/bin/../lib/gcc/arm-none-eabi/4.9.3/armv7e-m/fpu/crti.o
LOAD /usr/bin/../lib/gcc/arm-none-eabi/4.9.3/armv7e-m/fpu/crtbegin.o
LOAD /usr/bin/../lib/gcc/arm-none-eabi/4.9.3/../../../../arm-none-eabi/lib/armv7e-m/fpu/crt0.o
LOAD main.o
LOAD usart.o
LOAD monitor.o
LOAD parser.o
LOAD dump.o
LOAD syscall.o
LOAD terminal.o
LOAD decoder/decoder.o
LOAD decoder/STM32F30x_decoder.o
LOAD Drivers/CMSIS/Device/ST/STM32F3xx/Source/Templates/system_stm32f3xx.o
LOAD Drivers/STM32F3xx_HAL_Driver/Src/stm32f3xx_hal_rcc.o
LOAD Drivers/STM32F3xx_HAL_Driver/Src/stm32f3xx_hal.o
LOAD Drivers/STM32F3xx_HAL_Driver/Src/stm32f3xx_hal_cortex.o
LOAD Drivers/STM32F3xx_HAL_Driver/Src/stm32f3xx_hal_uart.o
LOAD Drivers/STM32F3xx_HAL_Driver/Src/stm32f3xx_hal_gpio.o
LOAD Drivers/STM32F3xx_HAL_Driver/Src/stm32f3xx_hal_pcd.o
LOAD Drivers/STM32F3xx_HAL_Driver/Src/stm32f3xx_hal_pcd_ex.o
LOAD Drivers/STM32F3xx_HAL_Driver/Src/stm32f3xx_hal_i2c.o
LOAD Drivers/STM32F3xx_HAL_Driver/Src/stm32f3xx_hal_spi.o
LOAD Drivers/STM32_USB_Device_Library/Core/Src/usbd_core.o
LOAD Drivers/STM32_USB_Device_Library/Core/Src/usbd_ctlreq.o
LOAD Drivers/STM32_USB_Device_Library/Core/Src/usbd_ioreq.o
LOAD Drivers/STM32_USB_Device_Library/Class/CDC/Src/usbd_cdc.o
LOAD usbd_conf.o
LOAD usbd_desc.o
LOAD usbd_cdc_interface.o
LOAD Drivers/BSP/STM32F3-Discovery/stm32f3_discovery.o
LOAD Drivers/BSP/STM32F3-Discovery/stm32f3_discovery_accelerometer.o
LOAD Drivers/BSP/STM32F3-Discovery/stm32f3_discovery_gyroscope.o
LOAD Drivers/BSP/Components/lsm303dlhc/lsm303dlhc.o
LOAD Drivers/BSP/Components/l3gd20/l3gd20.o
LOAD Drivers/CMSIS/Device/ST/STM32F3xx/Source/Templates/gcc/startup_stm32f303xc.o
START GROUP
LOAD /usr/bin/../lib/gcc/arm-none-eabi/4.9.3/armv7e-m/fpu/libgcc.a
LOAD /usr/bin/../lib/gcc/arm-none-eabi/4.9.3/../../../../arm-none-eabi/lib/armv7e-m/fpu/libg.a
LOAD /usr/bin/../lib/gcc/arm-none-eabi/4.9.3/../../../../arm-none-eabi/lib/armv7e-m/fpu/libc.a
END GROUP
LOAD /usr/bin/../lib/gcc/arm-none-eabi/4.9.3/armv7e-m/fpu/crtend.o
LOAD /usr/bin/../lib/gcc/arm-none-eabi/4.9.3/armv7e-m/fpu/crtn.o
                0x0000000020007fff                _estack = 0x20007fff
                0x0000000000000200                _Min_Heap_Size = 0x200
                0x0000000000000400                _Min_Stack_Size = 0x400

.isr_vector     0x0000000008000000      0x188
                0x0000000008000000                . = ALIGN (0x4)
 *(.isr_vector)
 .isr_vector    0x0000000008000000      0x188 Drivers/CMSIS/Device/ST/STM32F3xx/Source/Templates/gcc/startup_stm32f303xc.o
                0x0000000008000000                g_pfnVectors
                0x0000000008000188                . = ALIGN (0x4)

.text           0x0000000008000188     0xa498
                0x0000000008000188                . = ALIGN (0x4)
 *(.text)
 .text          0x0000000008000188       0x5c /usr/bin/../lib/gcc/arm-none-eabi/4.9.3/armv7e-m/fpu/crtbegin.o
 .text          0x00000000080001e4      0x134 /usr/bin/../lib/gcc/arm-none-eabi/4.9.3/../../../../arm-none-eabi/lib/armv7e-m/fpu/libg.a(lib_a-memcpy.o)
                0x00000000080001e4                memcpy
 .text          0x0000000008000318      0x370 /usr/bin/../lib/gcc/arm-none-eabi/4.9.3/armv7e-m/fpu/libgcc.a(_arm_addsubdf3.o)
                0x0000000008000318                __aeabi_drsub
                0x0000000008000320                __aeabi_dsub
                0x0000000008000320                __subdf3
                0x0000000008000324                __adddf3
                0x0000000008000324                __aeabi_dadd
                0x000000000800059c                __aeabi_ui2d
                0x000000000800059c                __floatunsidf
                0x00000000080005bc                __floatsidf
                0x00000000080005bc                __aeabi_i2d
                0x00000000080005e0                __extendsfdf2
                0x00000000080005e0                __aeabi_f2d
                0x000000000800061c                __aeabi_ul2d
                0x000000000800061c                __floatundidf
                0x000000000800062c                __floatdidf
                0x000000000800062c                __aeabi_l2d
 .text          0x0000000008000688      0x424 /usr/bin/../lib/gcc/arm-none-eabi/4.9.3/armv7e-m/fpu/libgcc.a(_arm_muldivdf3.o)
                0x0000000008000688                __aeabi_dmul
                0x0000000008000688                __muldf3
                0x00000000080008dc                __aeabi_ddiv
                0x00000000080008dc                __divdf3
 .text          0x0000000008000aac      0x110 /usr/bin/../lib/gcc/arm-none-eabi/4.9.3/armv7e-m/fpu/libgcc.a(_arm_cmpdf2.o)
                0x0000000008000aac                __gtdf2
                0x0000000008000aac                __gedf2
                0x0000000008000ab4                __ltdf2
                0x0000000008000ab4                __ledf2
                0x0000000008000abc                __cmpdf2
                0x0000000008000abc                __eqdf2
                0x0000000008000abc                __nedf2
                0x0000000008000b38                __aeabi_cdrcmple
                0x0000000008000b48                __aeabi_cdcmple
                0x0000000008000b48                __aeabi_cdcmpeq
                0x0000000008000b58                __aeabi_dcmpeq
                0x0000000008000b6c                __aeabi_dcmplt
                0x0000000008000b80                __aeabi_dcmple
                0x0000000008000b94                __aeabi_dcmpge
                0x0000000008000ba8                __aeabi_dcmpgt
 .text          0x0000000008000bbc       0x50 /usr/bin/../lib/gcc/arm-none-eabi/4.9.3/armv7e-m/fpu/libgcc.a(_arm_fixdfsi.o)
                0x0000000008000bbc                __fixdfsi
                0x0000000008000bbc                __aeabi_d2iz
 .text          0x0000000008000c0c       0x30 /usr/bin/../lib/gcc/arm-none-eabi/4.9.3/armv7e-m/fpu/libgcc.a(_aeabi_uldivmod.o)
                0x0000000008000c0c                __aeabi_uldivmod
 .text          0x0000000008000c3c       0x60 /usr/bin/../lib/gcc/arm-none-eabi/4.9.3/armv7e-m/fpu/libgcc.a(bpabi.o)
                0x0000000008000c3c                __gnu_ldivmod_helper
                0x0000000008000c6c                __gnu_uldivmod_helper
 .text          0x0000000008000c9c        0x4 /usr/bin/../lib/gcc/arm-none-eabi/4.9.3/armv7e-m/fpu/libgcc.a(_dvmd_tls.o)
                0x0000000008000c9c                __aeabi_ldiv0
                0x0000000008000c9c                __aeabi_idiv0
 .text          0x0000000008000ca0      0x29c /usr/bin/../lib/gcc/arm-none-eabi/4.9.3/armv7e-m/fpu/libgcc.a(_divdi3.o)
                0x0000000008000ca0                __divdi3
 .text          0x0000000008000f3c      0x26c /usr/bin/../lib/gcc/arm-none-eabi/4.9.3/armv7e-m/fpu/libgcc.a(_udivdi3.o)
                0x0000000008000f3c                __udivdi3
 *(.text*)
 .text.CmdLED   0x00000000080011a8       0x5c main.o
                0x00000000080011a8                CmdLED
 .text.CmdAccel
                0x0000000008001204       0x28 main.o
                0x0000000008001204                CmdAccel
 .text.CmdGyro  0x000000000800122c       0x54 main.o
                0x000000000800122c                CmdGyro
 .text.CmdButton
                0x0000000008001280       0x2c main.o
                0x0000000008001280                CmdButton
 .text.EXTI0_IRQHandler
                0x00000000080012ac       0x30 main.o
                0x00000000080012ac                EXTI0_IRQHandler
 .text.Error_Handler
                0x00000000080012dc        0xa main.o
                0x00000000080012dc                Error_Handler
 *fill*         0x00000000080012e6        0x2 
 .text.startup.main
                0x00000000080012e8      0x140 main.o
                0x00000000080012e8                main
 .text.SysTick_Handler
                0x0000000008001428        0x4 main.o
                0x0000000008001428                SysTick_Handler
 .text.configureUSART
                0x000000000800142c       0xec usart.o
                0x000000000800142c                configureUSART
 .text.CmdUSART
                0x0000000008001518       0x24 usart.o
                0x0000000008001518                CmdUSART
 .text.CmdW     0x000000000800153c       0x1c monitor.o
                0x000000000800153c                CmdW
 .text.CmdR     0x0000000008001558       0x20 monitor.o
                0x0000000008001558                CmdR
 .text.parse    0x0000000008001578      0x104 parser.o
                0x0000000008001578                parse
 .text.TaskInput
                0x000000000800167c      0x12c parser.o
                0x000000000800167c                TaskInput
 .text.fetch_uint32_arg
                0x00000000080017a8       0x28 parser.o
                0x00000000080017a8                fetch_uint32_arg
 .text.fetch_string_arg
                0x00000000080017d0       0x20 parser.o
                0x00000000080017d0                fetch_string_arg
 .text.DumpBuffer
                0x00000000080017f0       0xb4 dump.o
                0x00000000080017f0                DumpBuffer
 .text.CmdDump  0x00000000080018a4       0x54 dump.o
                0x00000000080018a4                CmdDump
 .text._sbrk_r  0x00000000080018f8       0x34 syscall.o
                0x00000000080018f8                _sbrk_r
 .text._close_r
                0x000000000800192c        0x6 syscall.o
                0x000000000800192c                _close_r
 .text._fstat_r
                0x0000000008001932        0xa syscall.o
                0x0000000008001932                _fstat_r
 .text._isatty_r
                0x000000000800193c        0x4 syscall.o
                0x000000000800193c                _isatty_r
 .text._lseek_r
                0x0000000008001940        0x4 syscall.o
                0x0000000008001940                _lseek_r
 .text.USBD_CDC_DataIn
                0x0000000008001944       0x80 terminal.o
 .text.CmdStats
                0x00000000080019c4       0x54 terminal.o
                0x00000000080019c4                CmdStats
 .text.TerminalInit
                0x0000000008001a18       0x7c terminal.o
                0x0000000008001a18                TerminalInit
 .text.TerminalRead
                0x0000000008001a94       0x4c terminal.o
                0x0000000008001a94                TerminalRead
 .text._read_r  0x0000000008001ae0        0xa terminal.o
                0x0000000008001ae0                _read_r
 .text.TerminalReadNonBlock
                0x0000000008001aea       0x10 terminal.o
                0x0000000008001aea                TerminalReadNonBlock
 .text.TerminalReadAnyNonBlock
                0x0000000008001afa       0x12 terminal.o
                0x0000000008001afa                TerminalReadAnyNonBlock
 .text.TerminalOutputBufferWrite
                0x0000000008001b0c       0xe8 terminal.o
                0x0000000008001b0c                TerminalOutputBufferWrite
 .text._write_r
                0x0000000008001bf4       0x38 terminal.o
                0x0000000008001bf4                _write_r
 .text.TerminalInputBufferWrite
                0x0000000008001c2c       0x70 terminal.o
                0x0000000008001c2c                TerminalInputBufferWrite
 .text.USB_LP_CAN_RX0_IRQHandler
                0x0000000008001c9c        0xc terminal.o
                0x0000000008001c9c                USB_LP_CAN_RX0_IRQHandler
 .text.DecodeReadRegister
                0x0000000008001ca8       0x40 decoder/decoder.o
                0x0000000008001ca8                DecodeReadRegister
 .text.DecodeWriteRegister
                0x0000000008001ce8       0x3c decoder/decoder.o
                0x0000000008001ce8                DecodeWriteRegister
 .text.DecodeField
                0x0000000008001d24       0x40 decoder/decoder.o
                0x0000000008001d24                DecodeField
 .text.DecodeRegister
                0x0000000008001d64       0x4c decoder/decoder.o
                0x0000000008001d64                DecodeRegister
 .text.DecodePeripheral
                0x0000000008001db0       0x3c decoder/decoder.o
                0x0000000008001db0                DecodePeripheral
 .text.DecodePrintPeripherals
                0x0000000008001dec       0x44 decoder/decoder.o
                0x0000000008001dec                DecodePrintPeripherals
 .text.DecodePrintRegisters
                0x0000000008001e30       0x48 decoder/decoder.o
                0x0000000008001e30                DecodePrintRegisters
 .text.CmdDecode
                0x0000000008001e78      0x1e4 decoder/decoder.o
                0x0000000008001e78                CmdDecode
 .text.SystemInit
                0x000000000800205c       0x68 Drivers/CMSIS/Device/ST/STM32F3xx/Source/Templates/system_stm32f3xx.o
                0x000000000800205c                SystemInit
 .text.HAL_RCC_OscConfig
                0x00000000080020c4      0x5d4 Drivers/STM32F3xx_HAL_Driver/Src/stm32f3xx_hal_rcc.o
                0x00000000080020c4                HAL_RCC_OscConfig
 .text.HAL_RCC_ClockConfig
                0x0000000008002698      0x2cc Drivers/STM32F3xx_HAL_Driver/Src/stm32f3xx_hal_rcc.o
                0x0000000008002698                HAL_RCC_ClockConfig
 .text.HAL_RCC_GetSysClockFreq
                0x0000000008002964       0x6c Drivers/STM32F3xx_HAL_Driver/Src/stm32f3xx_hal_rcc.o
                0x0000000008002964                HAL_RCC_GetSysClockFreq
 .text.HAL_RCC_GetHCLKFreq
                0x00000000080029d0       0x38 Drivers/STM32F3xx_HAL_Driver/Src/stm32f3xx_hal_rcc.o
                0x00000000080029d0                HAL_RCC_GetHCLKFreq
 .text.HAL_MspInit
                0x0000000008002a08        0x2 Drivers/STM32F3xx_HAL_Driver/Src/stm32f3xx_hal.o
                0x0000000008002a08                HAL_MspInit
 .text.HAL_InitTick
                0x0000000008002a0a       0x24 Drivers/STM32F3xx_HAL_Driver/Src/stm32f3xx_hal.o
                0x0000000008002a0a                HAL_InitTick
 *fill*         0x0000000008002a2e        0x2 
 .text.HAL_Init
                0x0000000008002a30       0x24 Drivers/STM32F3xx_HAL_Driver/Src/stm32f3xx_hal.o
                0x0000000008002a30                HAL_Init
 .text.HAL_IncTick
                0x0000000008002a54       0x10 Drivers/STM32F3xx_HAL_Driver/Src/stm32f3xx_hal.o
                0x0000000008002a54                HAL_IncTick
 .text.HAL_GetTick
                0x0000000008002a64        0xc Drivers/STM32F3xx_HAL_Driver/Src/stm32f3xx_hal.o
                0x0000000008002a64                HAL_GetTick
 .text.HAL_Delay
                0x0000000008002a70       0x1a Drivers/STM32F3xx_HAL_Driver/Src/stm32f3xx_hal.o
                0x0000000008002a70                HAL_Delay
 *fill*         0x0000000008002a8a        0x2 
 .text.HAL_NVIC_SetPriorityGrouping
                0x0000000008002a8c       0x24 Drivers/STM32F3xx_HAL_Driver/Src/stm32f3xx_hal_cortex.o
                0x0000000008002a8c                HAL_NVIC_SetPriorityGrouping
 .text.HAL_NVIC_SetPriority
                0x0000000008002ab0       0x60 Drivers/STM32F3xx_HAL_Driver/Src/stm32f3xx_hal_cortex.o
                0x0000000008002ab0                HAL_NVIC_SetPriority
 .text.HAL_NVIC_EnableIRQ
                0x0000000008002b10       0x18 Drivers/STM32F3xx_HAL_Driver/Src/stm32f3xx_hal_cortex.o
                0x0000000008002b10                HAL_NVIC_EnableIRQ
 .text.HAL_SYSTICK_Config
                0x0000000008002b28       0x2c Drivers/STM32F3xx_HAL_Driver/Src/stm32f3xx_hal_cortex.o
                0x0000000008002b28                HAL_SYSTICK_Config
 .text.HAL_GPIO_Init
                0x0000000008002b54      0x188 Drivers/STM32F3xx_HAL_Driver/Src/stm32f3xx_hal_gpio.o
                0x0000000008002b54                HAL_GPIO_Init
 .text.HAL_GPIO_ReadPin
                0x0000000008002cdc        0xc Drivers/STM32F3xx_HAL_Driver/Src/stm32f3xx_hal_gpio.o
                0x0000000008002cdc                HAL_GPIO_ReadPin
 .text.HAL_GPIO_WritePin
                0x0000000008002ce8        0xa Drivers/STM32F3xx_HAL_Driver/Src/stm32f3xx_hal_gpio.o
                0x0000000008002ce8                HAL_GPIO_WritePin
 .text.HAL_GPIO_TogglePin
                0x0000000008002cf2        0x8 Drivers/STM32F3xx_HAL_Driver/Src/stm32f3xx_hal_gpio.o
                0x0000000008002cf2                HAL_GPIO_TogglePin
 .text.HAL_GPIO_EXTI_Callback
                0x0000000008002cfa        0x2 Drivers/STM32F3xx_HAL_Driver/Src/stm32f3xx_hal_gpio.o
                0x0000000008002cfa                HAL_GPIO_EXTI_Callback
 .text.HAL_GPIO_EXTI_IRQHandler
                0x0000000008002cfc       0x18 Drivers/STM32F3xx_HAL_Driver/Src/stm32f3xx_hal_gpio.o
                0x0000000008002cfc                HAL_GPIO_EXTI_IRQHandler
 .text.HAL_PCD_Init
                0x0000000008002d14       0x9a Drivers/STM32F3xx_HAL_Driver/Src/stm32f3xx_hal_pcd.o
                0x0000000008002d14                HAL_PCD_Init
 .text.HAL_PCD_Start
                0x0000000008002dae        0xc Drivers/STM32F3xx_HAL_Driver/Src/stm32f3xx_hal_pcd.o
                0x0000000008002dae                HAL_PCD_Start
 .text.HAL_PCD_SetAddress
                0x0000000008002dba       0x2c Drivers/STM32F3xx_HAL_Driver/Src/stm32f3xx_hal_pcd.o
                0x0000000008002dba                HAL_PCD_SetAddress
 .text.HAL_PCD_EP_Open
                0x0000000008002de6      0x338 Drivers/STM32F3xx_HAL_Driver/Src/stm32f3xx_hal_pcd.o
                0x0000000008002de6                HAL_PCD_EP_Open
 .text.HAL_PCD_EP_Close
                0x000000000800311e      0x1b0 Drivers/STM32F3xx_HAL_Driver/Src/stm32f3xx_hal_pcd.o
                0x000000000800311e                HAL_PCD_EP_Close
 .text.HAL_PCD_EP_Receive
                0x00000000080032ce       0xf4 Drivers/STM32F3xx_HAL_Driver/Src/stm32f3xx_hal_pcd.o
                0x00000000080032ce                HAL_PCD_EP_Receive
 .text.HAL_PCD_EP_GetRxCount
                0x00000000080033c2       0x10 Drivers/STM32F3xx_HAL_Driver/Src/stm32f3xx_hal_pcd.o
                0x00000000080033c2                HAL_PCD_EP_GetRxCount
 .text.HAL_PCD_EP_Transmit
                0x00000000080033d2      0x182 Drivers/STM32F3xx_HAL_Driver/Src/stm32f3xx_hal_pcd.o
                0x00000000080033d2                HAL_PCD_EP_Transmit
 .text.HAL_PCD_IRQHandler
                0x0000000008003554      0x4a6 Drivers/STM32F3xx_HAL_Driver/Src/stm32f3xx_hal_pcd.o
                0x0000000008003554                HAL_PCD_IRQHandler
 .text.HAL_PCD_EP_SetStall
                0x00000000080039fa       0xa2 Drivers/STM32F3xx_HAL_Driver/Src/stm32f3xx_hal_pcd.o
                0x00000000080039fa                HAL_PCD_EP_SetStall
 .text.HAL_PCD_EP_ClrStall
                0x0000000008003a9c       0xc8 Drivers/STM32F3xx_HAL_Driver/Src/stm32f3xx_hal_pcd.o
                0x0000000008003a9c                HAL_PCD_EP_ClrStall
 .text.HAL_PCDEx_PMAConfig
                0x0000000008003b64       0x34 Drivers/STM32F3xx_HAL_Driver/Src/stm32f3xx_hal_pcd_ex.o
                0x0000000008003b64                HAL_PCDEx_PMAConfig
 .text.PCD_WritePMA
                0x0000000008003b98       0x2e Drivers/STM32F3xx_HAL_Driver/Src/stm32f3xx_hal_pcd_ex.o
                0x0000000008003b98                PCD_WritePMA
 .text.PCD_ReadPMA
                0x0000000008003bc6       0x22 Drivers/STM32F3xx_HAL_Driver/Src/stm32f3xx_hal_pcd_ex.o
                0x0000000008003bc6                PCD_ReadPMA
 .text.HAL_PCDEx_SetConnectionState
                0x0000000008003be8        0x2 Drivers/STM32F3xx_HAL_Driver/Src/stm32f3xx_hal_pcd_ex.o
                0x0000000008003be8                HAL_PCDEx_SetConnectionState
 .text.I2C_TransferConfig
                0x0000000008003bea       0x2a Drivers/STM32F3xx_HAL_Driver/Src/stm32f3xx_hal_i2c.o
 .text.I2C_IsAcknowledgeFailed
                0x0000000008003c14       0x90 Drivers/STM32F3xx_HAL_Driver/Src/stm32f3xx_hal_i2c.o
 .text.I2C_WaitOnFlagUntilTimeout
                0x0000000008003ca4       0x68 Drivers/STM32F3xx_HAL_Driver/Src/stm32f3xx_hal_i2c.o
 .text.I2C_WaitOnTXISFlagUntilTimeout
                0x0000000008003d0c       0x54 Drivers/STM32F3xx_HAL_Driver/Src/stm32f3xx_hal_i2c.o
 .text.I2C_RequestMemoryWrite
                0x0000000008003d60       0x64 Drivers/STM32F3xx_HAL_Driver/Src/stm32f3xx_hal_i2c.o
 .text.I2C_RequestMemoryRead
                0x0000000008003dc4       0x62 Drivers/STM32F3xx_HAL_Driver/Src/stm32f3xx_hal_i2c.o
 .text.I2C_WaitOnSTOPFlagUntilTimeout
                0x0000000008003e26       0x50 Drivers/STM32F3xx_HAL_Driver/Src/stm32f3xx_hal_i2c.o
 .text.HAL_I2C_MspInit
                0x0000000008003e76        0x2 Drivers/STM32F3xx_HAL_Driver/Src/stm32f3xx_hal_i2c.o
                0x0000000008003e76                HAL_I2C_MspInit
 .text.HAL_I2C_Init
                0x0000000008003e78       0x90 Drivers/STM32F3xx_HAL_Driver/Src/stm32f3xx_hal_i2c.o
                0x0000000008003e78                HAL_I2C_Init
 .text.HAL_I2C_MspDeInit
                0x0000000008003f08        0x2 Drivers/STM32F3xx_HAL_Driver/Src/stm32f3xx_hal_i2c.o
                0x0000000008003f08                HAL_I2C_MspDeInit
 .text.HAL_I2C_DeInit
                0x0000000008003f0a       0x2e Drivers/STM32F3xx_HAL_Driver/Src/stm32f3xx_hal_i2c.o
                0x0000000008003f0a                HAL_I2C_DeInit
 .text.HAL_I2C_Mem_Write
                0x0000000008003f38       0xf8 Drivers/STM32F3xx_HAL_Driver/Src/stm32f3xx_hal_i2c.o
                0x0000000008003f38                HAL_I2C_Mem_Write
 .text.HAL_I2C_Mem_Read
                0x0000000008004030      0x104 Drivers/STM32F3xx_HAL_Driver/Src/stm32f3xx_hal_i2c.o
                0x0000000008004030                HAL_I2C_Mem_Read
 .text.HAL_I2C_GetState
                0x0000000008004134        0x6 Drivers/STM32F3xx_HAL_Driver/Src/stm32f3xx_hal_i2c.o
                0x0000000008004134                HAL_I2C_GetState
 .text.SPI_WaitFlagStateUntilTimeout
                0x000000000800413a       0x8c Drivers/STM32F3xx_HAL_Driver/Src/stm32f3xx_hal_spi.o
 .text.SPI_WaitFifoStateUntilTimeout
                0x00000000080041c6       0x9c Drivers/STM32F3xx_HAL_Driver/Src/stm32f3xx_hal_spi.o
 .text.SPI_EndRxTxTransaction
                0x0000000008004262       0x42 Drivers/STM32F3xx_HAL_Driver/Src/stm32f3xx_hal_spi.o
 .text.HAL_SPI_MspInit
                0x00000000080042a4        0x2 Drivers/STM32F3xx_HAL_Driver/Src/stm32f3xx_hal_spi.o
                0x00000000080042a4                HAL_SPI_MspInit
 .text.HAL_SPI_Init
                0x00000000080042a6       0xa6 Drivers/STM32F3xx_HAL_Driver/Src/stm32f3xx_hal_spi.o
                0x00000000080042a6                HAL_SPI_Init
 .text.HAL_SPI_MspDeInit
                0x000000000800434c        0x2 Drivers/STM32F3xx_HAL_Driver/Src/stm32f3xx_hal_spi.o
                0x000000000800434c                HAL_SPI_MspDeInit
 .text.HAL_SPI_DeInit
                0x000000000800434e       0x2e Drivers/STM32F3xx_HAL_Driver/Src/stm32f3xx_hal_spi.o
                0x000000000800434e                HAL_SPI_DeInit
 .text.HAL_SPI_TransmitReceive
                0x000000000800437c      0x29a Drivers/STM32F3xx_HAL_Driver/Src/stm32f3xx_hal_spi.o
                0x000000000800437c                HAL_SPI_TransmitReceive
 .text.HAL_SPI_GetState
                0x0000000008004616        0x6 Drivers/STM32F3xx_HAL_Driver/Src/stm32f3xx_hal_spi.o
                0x0000000008004616                HAL_SPI_GetState
 .text.USBD_Init
                0x000000000800461c       0x2a Drivers/STM32_USB_Device_Library/Core/Src/usbd_core.o
                0x000000000800461c                USBD_Init
 .text.USBD_RegisterClass
                0x0000000008004646        0xe Drivers/STM32_USB_Device_Library/Core/Src/usbd_core.o
                0x0000000008004646                USBD_RegisterClass
 .text.USBD_Start
                0x0000000008004654        0xa Drivers/STM32_USB_Device_Library/Core/Src/usbd_core.o
                0x0000000008004654                USBD_Start
 .text.USBD_SetClassConfig
                0x000000000800465e       0x16 Drivers/STM32_USB_Device_Library/Core/Src/usbd_core.o
                0x000000000800465e                USBD_SetClassConfig
 .text.USBD_ClrClassConfig
                0x0000000008004674        0xe Drivers/STM32_USB_Device_Library/Core/Src/usbd_core.o
                0x0000000008004674                USBD_ClrClassConfig
 .text.USBD_LL_SetupStage
                0x0000000008004682       0x5a Drivers/STM32_USB_Device_Library/Core/Src/usbd_core.o
                0x0000000008004682                USBD_LL_SetupStage
 .text.USBD_LL_DataOutStage
                0x00000000080046dc       0x60 Drivers/STM32_USB_Device_Library/Core/Src/usbd_core.o
                0x00000000080046dc                USBD_LL_DataOutStage
 .text.USBD_LL_DataInStage
                0x000000000800473c       0x88 Drivers/STM32_USB_Device_Library/Core/Src/usbd_core.o
                0x000000000800473c                USBD_LL_DataInStage
 .text.USBD_LL_Reset
                0x00000000080047c4       0x3e Drivers/STM32_USB_Device_Library/Core/Src/usbd_core.o
                0x00000000080047c4                USBD_LL_Reset
 .text.USBD_LL_SetSpeed
                0x0000000008004802        0x6 Drivers/STM32_USB_Device_Library/Core/Src/usbd_core.o
                0x0000000008004802                USBD_LL_SetSpeed
 .text.USBD_LL_SOF
                0x0000000008004808       0x18 Drivers/STM32_USB_Device_Library/Core/Src/usbd_core.o
                0x0000000008004808                USBD_LL_SOF
 .text.USBD_ParseSetupRequest
                0x0000000008004820       0x28 Drivers/STM32_USB_Device_Library/Core/Src/usbd_ctlreq.o
                0x0000000008004820                USBD_ParseSetupRequest
 .text.USBD_CtlError
                0x0000000008004848       0x16 Drivers/STM32_USB_Device_Library/Core/Src/usbd_ctlreq.o
                0x0000000008004848                USBD_CtlError
 *fill*         0x000000000800485e        0x2 
 .text.USBD_StdDevReq
                0x0000000008004860      0x218 Drivers/STM32_USB_Device_Library/Core/Src/usbd_ctlreq.o
                0x0000000008004860                USBD_StdDevReq
 .text.USBD_StdItfReq
                0x0000000008004a78       0x30 Drivers/STM32_USB_Device_Library/Core/Src/usbd_ctlreq.o
                0x0000000008004a78                USBD_StdItfReq
 .text.USBD_StdEPReq
                0x0000000008004aa8       0xb2 Drivers/STM32_USB_Device_Library/Core/Src/usbd_ctlreq.o
                0x0000000008004aa8                USBD_StdEPReq
 .text.USBD_GetString
                0x0000000008004b5a       0x3a Drivers/STM32_USB_Device_Library/Core/Src/usbd_ctlreq.o
                0x0000000008004b5a                USBD_GetString
 .text.USBD_CtlSendData
                0x0000000008004b94       0x1c Drivers/STM32_USB_Device_Library/Core/Src/usbd_ioreq.o
                0x0000000008004b94                USBD_CtlSendData
 .text.USBD_CtlContinueSendData
                0x0000000008004bb0       0x12 Drivers/STM32_USB_Device_Library/Core/Src/usbd_ioreq.o
                0x0000000008004bb0                USBD_CtlContinueSendData
 .text.USBD_CtlPrepareRx
                0x0000000008004bc2       0x20 Drivers/STM32_USB_Device_Library/Core/Src/usbd_ioreq.o
                0x0000000008004bc2                USBD_CtlPrepareRx
 .text.USBD_CtlContinueRx
                0x0000000008004be2       0x12 Drivers/STM32_USB_Device_Library/Core/Src/usbd_ioreq.o
                0x0000000008004be2                USBD_CtlContinueRx
 .text.USBD_CtlSendStatus
                0x0000000008004bf4       0x16 Drivers/STM32_USB_Device_Library/Core/Src/usbd_ioreq.o
                0x0000000008004bf4                USBD_CtlSendStatus
 .text.USBD_CtlReceiveStatus
                0x0000000008004c0a       0x16 Drivers/STM32_USB_Device_Library/Core/Src/usbd_ioreq.o
                0x0000000008004c0a                USBD_CtlReceiveStatus
 .text.USBD_CDC_DataIn
                0x0000000008004c20       0x12 Drivers/STM32_USB_Device_Library/Class/CDC/Src/usbd_cdc.o
 .text.USBD_CDC_EP0_RxReady
                0x0000000008004c32       0x28 Drivers/STM32_USB_Device_Library/Class/CDC/Src/usbd_cdc.o
 *fill*         0x0000000008004c5a        0x2 
 .text.USBD_CDC_GetFSCfgDesc
                0x0000000008004c5c        0xc Drivers/STM32_USB_Device_Library/Class/CDC/Src/usbd_cdc.o
 .text.USBD_CDC_GetHSCfgDesc
                0x0000000008004c68        0xc Drivers/STM32_USB_Device_Library/Class/CDC/Src/usbd_cdc.o
 .text.USBD_CDC_GetOtherSpeedCfgDesc
                0x0000000008004c74        0xc Drivers/STM32_USB_Device_Library/Class/CDC/Src/usbd_cdc.o
 .text.USBD_CDC_GetDeviceQualifierDescriptor
                0x0000000008004c80        0xc Drivers/STM32_USB_Device_Library/Class/CDC/Src/usbd_cdc.o
                0x0000000008004c80                USBD_CDC_GetDeviceQualifierDescriptor
 .text.USBD_CDC_DataOut
                0x0000000008004c8c       0x2e Drivers/STM32_USB_Device_Library/Class/CDC/Src/usbd_cdc.o
 .text.USBD_CDC_Setup
                0x0000000008004cba       0x5a Drivers/STM32_USB_Device_Library/Class/CDC/Src/usbd_cdc.o
 .text.USBD_CDC_DeInit
                0x0000000008004d14       0x3a Drivers/STM32_USB_Device_Library/Class/CDC/Src/usbd_cdc.o
 .text.USBD_CDC_Init
                0x0000000008004d4e       0x86 Drivers/STM32_USB_Device_Library/Class/CDC/Src/usbd_cdc.o
 .text.USBD_CDC_RegisterInterface
                0x0000000008004dd4        0xe Drivers/STM32_USB_Device_Library/Class/CDC/Src/usbd_cdc.o
                0x0000000008004dd4                USBD_CDC_RegisterInterface
 .text.USBD_CDC_SetTxBuffer
                0x0000000008004de2       0x10 Drivers/STM32_USB_Device_Library/Class/CDC/Src/usbd_cdc.o
                0x0000000008004de2                USBD_CDC_SetTxBuffer
 .text.USBD_CDC_SetRxBuffer
                0x0000000008004df2        0xc Drivers/STM32_USB_Device_Library/Class/CDC/Src/usbd_cdc.o
                0x0000000008004df2                USBD_CDC_SetRxBuffer
 .text.USBD_CDC_TransmitPacket
                0x0000000008004dfe       0x2e Drivers/STM32_USB_Device_Library/Class/CDC/Src/usbd_cdc.o
                0x0000000008004dfe                USBD_CDC_TransmitPacket
 .text.USBD_CDC_ReceivePacket
                0x0000000008004e2c       0x26 Drivers/STM32_USB_Device_Library/Class/CDC/Src/usbd_cdc.o
                0x0000000008004e2c                USBD_CDC_ReceivePacket
 *fill*         0x0000000008004e52        0x2 
 .text.HAL_PCD_MspInit
                0x0000000008004e54       0x9c usbd_conf.o
                0x0000000008004e54                HAL_PCD_MspInit
 .text.HAL_PCD_SetupStageCallback
                0x0000000008004ef0        0xe usbd_conf.o
                0x0000000008004ef0                HAL_PCD_SetupStageCallback
 .text.HAL_PCD_DataOutStageCallback
                0x0000000008004efe       0x12 usbd_conf.o
                0x0000000008004efe                HAL_PCD_DataOutStageCallback
 .text.HAL_PCD_DataInStageCallback
                0x0000000008004f10       0x10 usbd_conf.o
                0x0000000008004f10                HAL_PCD_DataInStageCallback
 .text.HAL_PCD_SOFCallback
                0x0000000008004f20        0x8 usbd_conf.o
                0x0000000008004f20                HAL_PCD_SOFCallback
 .text.HAL_PCD_ResetCallback
                0x0000000008004f28       0x1a usbd_conf.o
                0x0000000008004f28                HAL_PCD_ResetCallback
 .text.HAL_PCD_SuspendCallback
                0x0000000008004f42        0x2 usbd_conf.o
                0x0000000008004f42                HAL_PCD_SuspendCallback
 .text.HAL_PCD_ResumeCallback
                0x0000000008004f44        0x2 usbd_conf.o
                0x0000000008004f44                HAL_PCD_ResumeCallback
 *fill*         0x0000000008004f46        0x2 
 .text.USBD_LL_Init
                0x0000000008004f48       0x7c usbd_conf.o
                0x0000000008004f48                USBD_LL_Init
 .text.USBD_LL_Start
                0x0000000008004fc4        0xe usbd_conf.o
                0x0000000008004fc4                USBD_LL_Start
 .text.USBD_LL_OpenEP
                0x0000000008004fd2       0x14 usbd_conf.o
                0x0000000008004fd2                USBD_LL_OpenEP
 .text.USBD_LL_CloseEP
                0x0000000008004fe6        0xe usbd_conf.o
                0x0000000008004fe6                USBD_LL_CloseEP
 .text.USBD_LL_StallEP
                0x0000000008004ff4        0xe usbd_conf.o
                0x0000000008004ff4                USBD_LL_StallEP
 .text.USBD_LL_ClearStallEP
                0x0000000008005002        0xe usbd_conf.o
                0x0000000008005002                USBD_LL_ClearStallEP
 .text.USBD_LL_IsStallEP
                0x0000000008005010       0x26 usbd_conf.o
                0x0000000008005010                USBD_LL_IsStallEP
 .text.USBD_LL_SetUSBAddress
                0x0000000008005036        0xe usbd_conf.o
                0x0000000008005036                USBD_LL_SetUSBAddress
 .text.USBD_LL_Transmit
                0x0000000008005044        0xe usbd_conf.o
                0x0000000008005044                USBD_LL_Transmit
 .text.USBD_LL_PrepareReceive
                0x0000000008005052        0xe usbd_conf.o
                0x0000000008005052                USBD_LL_PrepareReceive
 .text.USBD_LL_GetRxDataSize
                0x0000000008005060        0xc usbd_conf.o
                0x0000000008005060                USBD_LL_GetRxDataSize
 .text.USBD_static_malloc
                0x000000000800506c        0x8 usbd_conf.o
                0x000000000800506c                USBD_static_malloc
 .text.USBD_static_free
                0x0000000008005074        0x2 usbd_conf.o
                0x0000000008005074                USBD_static_free
 *fill*         0x0000000008005076        0x2 
 .text.USBD_VCP_DeviceDescriptor
                0x0000000008005078        0xc usbd_desc.o
                0x0000000008005078                USBD_VCP_DeviceDescriptor
 .text.USBD_VCP_LangIDStrDescriptor
                0x0000000008005084        0xc usbd_desc.o
                0x0000000008005084                USBD_VCP_LangIDStrDescriptor
 .text.IntToUnicode
                0x0000000008005090       0x28 usbd_desc.o
 .text.USBD_VCP_SerialStrDescriptor
                0x00000000080050b8       0x40 usbd_desc.o
                0x00000000080050b8                USBD_VCP_SerialStrDescriptor
 .text.USBD_VCP_ProductStrDescriptor
                0x00000000080050f8       0x1c usbd_desc.o
                0x00000000080050f8                USBD_VCP_ProductStrDescriptor
 .text.USBD_VCP_ManufacturerStrDescriptor
                0x0000000008005114       0x1c usbd_desc.o
                0x0000000008005114                USBD_VCP_ManufacturerStrDescriptor
 .text.USBD_VCP_ConfigStrDescriptor
                0x0000000008005130       0x1c usbd_desc.o
                0x0000000008005130                USBD_VCP_ConfigStrDescriptor
 .text.USBD_VCP_InterfaceStrDescriptor
                0x000000000800514c       0x1c usbd_desc.o
                0x000000000800514c                USBD_VCP_InterfaceStrDescriptor
 .text.CDC_Itf_DeInit
                0x0000000008005168        0x4 usbd_cdc_interface.o
 .text.CDC_Itf_Receive
                0x000000000800516c       0x20 usbd_cdc_interface.o
 .text.CDC_Itf_Init
                0x000000000800518c       0x18 usbd_cdc_interface.o
 .text.CDC_Itf_Control
                0x00000000080051a4       0x58 usbd_cdc_interface.o
 .text.SPIx_Init
                0x00000000080051fc       0x80 Drivers/BSP/STM32F3-Discovery/stm32f3_discovery.o
 .text.SPIx_WriteRead
                0x000000000800527c       0x40 Drivers/BSP/STM32F3-Discovery/stm32f3_discovery.o
 .text.I2Cx_Init
                0x00000000080052bc       0x6c Drivers/BSP/STM32F3-Discovery/stm32f3_discovery.o
 .text.BSP_LED_Init
                0x0000000008005328       0x68 Drivers/BSP/STM32F3-Discovery/stm32f3_discovery.o
                0x0000000008005328                BSP_LED_Init
 .text.BSP_LED_On
                0x0000000008005390       0x1c Drivers/BSP/STM32F3-Discovery/stm32f3_discovery.o
                0x0000000008005390                BSP_LED_On
 .text.BSP_LED_Off
                0x00000000080053ac       0x1c Drivers/BSP/STM32F3-Discovery/stm32f3_discovery.o
                0x00000000080053ac                BSP_LED_Off
 .text.BSP_PB_Init
                0x00000000080053c8       0x74 Drivers/BSP/STM32F3-Discovery/stm32f3_discovery.o
                0x00000000080053c8                BSP_PB_Init
 .text.BSP_PB_GetState
                0x000000000800543c       0x14 Drivers/BSP/STM32F3-Discovery/stm32f3_discovery.o
                0x000000000800543c                BSP_PB_GetState
 .text.GYRO_IO_Init
                0x0000000008005450       0x68 Drivers/BSP/STM32F3-Discovery/stm32f3_discovery.o
                0x0000000008005450                GYRO_IO_Init
 .text.GYRO_IO_Write
                0x00000000080054b8       0x44 Drivers/BSP/STM32F3-Discovery/stm32f3_discovery.o
                0x00000000080054b8                GYRO_IO_Write
 .text.GYRO_IO_Read
                0x00000000080054fc       0x48 Drivers/BSP/STM32F3-Discovery/stm32f3_discovery.o
                0x00000000080054fc                GYRO_IO_Read
 .text.COMPASSACCELERO_IO_Init
                0x0000000008005544       0x64 Drivers/BSP/STM32F3-Discovery/stm32f3_discovery.o
                0x0000000008005544                COMPASSACCELERO_IO_Init
 .text.COMPASSACCELERO_IO_ITConfig
                0x00000000080055a8       0x48 Drivers/BSP/STM32F3-Discovery/stm32f3_discovery.o
                0x00000000080055a8                COMPASSACCELERO_IO_ITConfig
 .text.COMPASSACCELERO_IO_Write
                0x00000000080055f0       0x3c Drivers/BSP/STM32F3-Discovery/stm32f3_discovery.o
                0x00000000080055f0                COMPASSACCELERO_IO_Write
 .text.COMPASSACCELERO_IO_Read
                0x000000000800562c       0x40 Drivers/BSP/STM32F3-Discovery/stm32f3_discovery.o
                0x000000000800562c                COMPASSACCELERO_IO_Read
 .text.BSP_ACCELERO_Init
                0x000000000800566c       0x30 Drivers/BSP/STM32F3-Discovery/stm32f3_discovery_accelerometer.o
                0x000000000800566c                BSP_ACCELERO_Init
 .text.BSP_ACCELERO_GetXYZ
                0x000000000800569c       0x10 Drivers/BSP/STM32F3-Discovery/stm32f3_discovery_accelerometer.o
                0x000000000800569c                BSP_ACCELERO_GetXYZ
 .text.BSP_GYRO_Init
                0x00000000080056ac       0x44 Drivers/BSP/STM32F3-Discovery/stm32f3_discovery_gyroscope.o
                0x00000000080056ac                BSP_GYRO_Init
 .text.BSP_GYRO_GetXYZ
                0x00000000080056f0       0x10 Drivers/BSP/STM32F3-Discovery/stm32f3_discovery_gyroscope.o
                0x00000000080056f0                BSP_GYRO_GetXYZ
 .text.LSM303DLHC_AccInit
                0x0000000008005700       0x20 Drivers/BSP/Components/lsm303dlhc/lsm303dlhc.o
                0x0000000008005700                LSM303DLHC_AccInit
 .text.LSM303DLHC_AccReadID
                0x0000000008005720       0x12 Drivers/BSP/Components/lsm303dlhc/lsm303dlhc.o
                0x0000000008005720                LSM303DLHC_AccReadID
 .text.LSM303DLHC_AccRebootCmd
                0x0000000008005732       0x1c Drivers/BSP/Components/lsm303dlhc/lsm303dlhc.o
                0x0000000008005732                LSM303DLHC_AccRebootCmd
 .text.LSM303DLHC_AccFilterConfig
                0x000000000800574e       0x1e Drivers/BSP/Components/lsm303dlhc/lsm303dlhc.o
                0x000000000800574e                LSM303DLHC_AccFilterConfig
 .text.LSM303DLHC_AccFilterCmd
                0x000000000800576c       0x1e Drivers/BSP/Components/lsm303dlhc/lsm303dlhc.o
                0x000000000800576c                LSM303DLHC_AccFilterCmd
 .text.LSM303DLHC_AccReadXYZ
                0x000000000800578a       0xe6 Drivers/BSP/Components/lsm303dlhc/lsm303dlhc.o
                0x000000000800578a                LSM303DLHC_AccReadXYZ
 .text.LSM303DLHC_AccFilterClickCmd
                0x0000000008005870       0x1e Drivers/BSP/Components/lsm303dlhc/lsm303dlhc.o
                0x0000000008005870                LSM303DLHC_AccFilterClickCmd
 .text.LSM303DLHC_AccIT1Enable
                0x000000000800588e       0x1e Drivers/BSP/Components/lsm303dlhc/lsm303dlhc.o
                0x000000000800588e                LSM303DLHC_AccIT1Enable
 .text.LSM303DLHC_AccClickITEnable
                0x00000000080058ac       0x46 Drivers/BSP/Components/lsm303dlhc/lsm303dlhc.o
                0x00000000080058ac                LSM303DLHC_AccClickITEnable
 .text.LSM303DLHC_AccZClickITConfig
                0x00000000080058f2       0x1c Drivers/BSP/Components/lsm303dlhc/lsm303dlhc.o
                0x00000000080058f2                LSM303DLHC_AccZClickITConfig
 .text.L3GD20_Init
                0x000000000800590e       0x32 Drivers/BSP/Components/l3gd20/l3gd20.o
                0x000000000800590e                L3GD20_Init
 .text.L3GD20_ReadID
                0x0000000008005940       0x1c Drivers/BSP/Components/l3gd20/l3gd20.o
                0x0000000008005940                L3GD20_ReadID
 .text.L3GD20_RebootCmd
                0x000000000800595c       0x2c Drivers/BSP/Components/l3gd20/l3gd20.o
                0x000000000800595c                L3GD20_RebootCmd
 .text.L3GD20_INT1InterruptConfig
                0x0000000008005988       0x5c Drivers/BSP/Components/l3gd20/l3gd20.o
                0x0000000008005988                L3GD20_INT1InterruptConfig
 .text.L3GD20_EnableIT
                0x00000000080059e4       0x40 Drivers/BSP/Components/l3gd20/l3gd20.o
                0x00000000080059e4                L3GD20_EnableIT
 .text.L3GD20_DisableIT
                0x0000000008005a24       0x3c Drivers/BSP/Components/l3gd20/l3gd20.o
                0x0000000008005a24                L3GD20_DisableIT
 .text.L3GD20_FilterConfig
                0x0000000008005a60       0x2e Drivers/BSP/Components/l3gd20/l3gd20.o
                0x0000000008005a60                L3GD20_FilterConfig
 .text.L3GD20_FilterCmd
                0x0000000008005a8e       0x2e Drivers/BSP/Components/l3gd20/l3gd20.o
                0x0000000008005a8e                L3GD20_FilterCmd
 .text.L3GD20_ReadXYZAngRate
                0x0000000008005abc       0xd8 Drivers/BSP/Components/l3gd20/l3gd20.o
                0x0000000008005abc                L3GD20_ReadXYZAngRate
 .text.Reset_Handler
                0x0000000008005b94       0x50 Drivers/CMSIS/Device/ST/STM32F3xx/Source/Templates/gcc/startup_stm32f303xc.o
                0x0000000008005b94                Reset_Handler
 .text.Default_Handler
                0x0000000008005be4        0x2 Drivers/CMSIS/Device/ST/STM32F3xx/Source/Templates/gcc/startup_stm32f303xc.o
                0x0000000008005be4                RTC_Alarm_IRQHandler
                0x0000000008005be4                TIM8_TRG_COM_IRQHandler
                0x0000000008005be4                TIM8_CC_IRQHandler
                0x0000000008005be4                DebugMon_Handler
                0x0000000008005be4                TIM1_CC_IRQHandler
                0x0000000008005be4                HardFault_Handler
                0x0000000008005be4                USB_HP_IRQHandler
                0x0000000008005be4                PVD_IRQHandler
                0x0000000008005be4                TAMP_STAMP_IRQHandler
                0x0000000008005be4                PendSV_Handler
                0x0000000008005be4                NMI_Handler
                0x0000000008005be4                EXTI3_IRQHandler
                0x0000000008005be4                USB_HP_CAN_TX_IRQHandler
                0x0000000008005be4                I2C2_EV_IRQHandler
                0x0000000008005be4                FPU_IRQHandler
                0x0000000008005be4                TIM1_UP_TIM16_IRQHandler
                0x0000000008005be4                UsageFault_Handler
                0x0000000008005be4                ADC1_2_IRQHandler
                0x0000000008005be4                SPI1_IRQHandler
                0x0000000008005be4                CAN_SCE_IRQHandler
                0x0000000008005be4                TIM6_DAC_IRQHandler
                0x0000000008005be4                TIM8_UP_IRQHandler
                0x0000000008005be4                DMA2_Channel2_IRQHandler
                0x0000000008005be4                DMA1_Channel4_IRQHandler
                0x0000000008005be4                USART3_IRQHandler
                0x0000000008005be4                DMA1_Channel7_IRQHandler
                0x0000000008005be4                UART5_IRQHandler
                0x0000000008005be4                ADC3_IRQHandler
                0x0000000008005be4                TIM4_IRQHandler
                0x0000000008005be4                CAN_RX1_IRQHandler
                0x0000000008005be4                DMA2_Channel1_IRQHandler
                0x0000000008005be4                I2C1_EV_IRQHandler
                0x0000000008005be4                DMA1_Channel6_IRQHandler
                0x0000000008005be4                UART4_IRQHandler
                0x0000000008005be4                DMA2_Channel4_IRQHandler
                0x0000000008005be4                TIM3_IRQHandler
                0x0000000008005be4                RCC_IRQHandler
                0x0000000008005be4                DMA1_Channel1_IRQHandler
                0x0000000008005be4                Default_Handler
                0x0000000008005be4                USBWakeUp_RMP_IRQHandler
                0x0000000008005be4                EXTI15_10_IRQHandler
                0x0000000008005be4                TIM7_IRQHandler
                0x0000000008005be4                EXTI9_5_IRQHandler
                0x0000000008005be4                RTC_WKUP_IRQHandler
                0x0000000008005be4                SPI2_IRQHandler
                0x0000000008005be4                MemManage_Handler
                0x0000000008005be4                SVC_Handler
                0x0000000008005be4                DMA2_Channel5_IRQHandler
                0x0000000008005be4                DMA1_Channel5_IRQHandler
                0x0000000008005be4                USB_LP_IRQHandler
                0x0000000008005be4                EXTI4_IRQHandler
                0x0000000008005be4                TIM1_TRG_COM_TIM17_IRQHandler
                0x0000000008005be4                DMA1_Channel3_IRQHandler
                0x0000000008005be4                ADC4_IRQHandler
                0x0000000008005be4                WWDG_IRQHandler
                0x0000000008005be4                TIM2_IRQHandler
                0x0000000008005be4                COMP7_IRQHandler
                0x0000000008005be4                COMP1_2_3_IRQHandler
                0x0000000008005be4                EXTI1_IRQHandler
                0x0000000008005be4                USART2_IRQHandler
                0x0000000008005be4                COMP4_5_6_IRQHandler
                0x0000000008005be4                I2C2_ER_IRQHandler
                0x0000000008005be4                DMA1_Channel2_IRQHandler
                0x0000000008005be4                TIM8_BRK_IRQHandler
                0x0000000008005be4                FLASH_IRQHandler
                0x0000000008005be4                BusFault_Handler
                0x0000000008005be4                USART1_IRQHandler
                0x0000000008005be4                SPI3_IRQHandler
                0x0000000008005be4                I2C1_ER_IRQHandler
                0x0000000008005be4                USBWakeUp_IRQHandler
                0x0000000008005be4                DMA2_Channel3_IRQHandler
                0x0000000008005be4                EXTI2_TSC_IRQHandler
                0x0000000008005be4                TIM1_BRK_TIM15_IRQHandler
 *fill*         0x0000000008005be6        0x2 
 .text.__errno  0x0000000008005be8        0xc /usr/bin/../lib/gcc/arm-none-eabi/4.9.3/../../../../arm-none-eabi/lib/armv7e-m/fpu/libg.a(lib_a-errno.o)
                0x0000000008005be8                __errno
 .text.__libc_init_array
                0x0000000008005bf4       0x50 /usr/bin/../lib/gcc/arm-none-eabi/4.9.3/../../../../arm-none-eabi/lib/armv7e-m/fpu/libg.a(lib_a-init.o)
                0x0000000008005bf4                __libc_init_array
 .text.memset   0x0000000008005c44       0x9c /usr/bin/../lib/gcc/arm-none-eabi/4.9.3/../../../../arm-none-eabi/lib/armv7e-m/fpu/libg.a(lib_a-memset.o)
                0x0000000008005c44                memset
 .text.printf   0x0000000008005ce0       0x28 /usr/bin/../lib/gcc/arm-none-eabi/4.9.3/../../../../arm-none-eabi/lib/armv7e-m/fpu/libg.a(lib_a-printf.o)
                0x0000000008005ce0                printf
 .text.putchar  0x0000000008005d08       0x14 /usr/bin/../lib/gcc/arm-none-eabi/4.9.3/../../../../arm-none-eabi/lib/armv7e-m/fpu/libg.a(lib_a-putchar.o)
                0x0000000008005d08                putchar
 .text._puts_r  0x0000000008005d1c       0x64 /usr/bin/../lib/gcc/arm-none-eabi/4.9.3/../../../../arm-none-eabi/lib/armv7e-m/fpu/libg.a(lib_a-puts.o)
                0x0000000008005d1c                _puts_r
 .text.puts     0x0000000008005d80       0x10 /usr/bin/../lib/gcc/arm-none-eabi/4.9.3/../../../../arm-none-eabi/lib/armv7e-m/fpu/libg.a(lib_a-puts.o)
                0x0000000008005d80                puts
 .text.setvbuf  0x0000000008005d90       0xf8 /usr/bin/../lib/gcc/arm-none-eabi/4.9.3/../../../../arm-none-eabi/lib/armv7e-m/fpu/libg.a(lib_a-setvbuf.o)
                0x0000000008005d90                setvbuf
 .text.strcasecmp
                0x0000000008005e88       0x44 /usr/bin/../lib/gcc/arm-none-eabi/4.9.3/../../../../arm-none-eabi/lib/armv7e-m/fpu/libg.a(lib_a-strcasecmp.o)
                0x0000000008005e88                strcasecmp
 .text.strcpy   0x0000000008005ecc       0xbc /usr/bin/../lib/gcc/arm-none-eabi/4.9.3/../../../../arm-none-eabi/lib/armv7e-m/fpu/libg.a(lib_a-strcpy.o)
                0x0000000008005ecc                strcpy
 .text.strlen   0x0000000008005f88       0x5c /usr/bin/../lib/gcc/arm-none-eabi/4.9.3/../../../../arm-none-eabi/lib/armv7e-m/fpu/libg.a(lib_a-strlen.o)
                0x0000000008005f88                strlen
 .text.strtok   0x0000000008005fe4       0x10 /usr/bin/../lib/gcc/arm-none-eabi/4.9.3/../../../../arm-none-eabi/lib/armv7e-m/fpu/libg.a(lib_a-strtok.o)
                0x0000000008005fe4                strtok
 .text.__strtok_r
                0x0000000008005ff4       0x64 /usr/bin/../lib/gcc/arm-none-eabi/4.9.3/../../../../arm-none-eabi/lib/armv7e-m/fpu/libg.a(lib_a-strtok_r.o)
                0x0000000008005ff4                __strtok_r
 .text._strtoul_r
                0x0000000008006058      0x128 /usr/bin/../lib/gcc/arm-none-eabi/4.9.3/../../../../arm-none-eabi/lib/armv7e-m/fpu/libg.a(lib_a-strtoul.o)
                0x0000000008006058                _strtoul_r
 .text.strtoul  0x0000000008006180       0x18 /usr/bin/../lib/gcc/arm-none-eabi/4.9.3/../../../../arm-none-eabi/lib/armv7e-m/fpu/libg.a(lib_a-strtoul.o)
                0x0000000008006180                strtoul
 .text._vfprintf_r
                0x0000000008006198     0x1424 /usr/bin/../lib/gcc/arm-none-eabi/4.9.3/../../../../arm-none-eabi/lib/armv7e-m/fpu/libg.a(lib_a-vfprintf.o)
                0x0000000008006198                _vfprintf_r
 .text.__sbprintf
                0x00000000080075bc       0x78 /usr/bin/../lib/gcc/arm-none-eabi/4.9.3/../../../../arm-none-eabi/lib/armv7e-m/fpu/libg.a(lib_a-vfprintf.o)
 .text.__swsetup_r
                0x0000000008007634       0xc4 /usr/bin/../lib/gcc/arm-none-eabi/4.9.3/../../../../arm-none-eabi/lib/armv7e-m/fpu/libg.a(lib_a-wsetup.o)
                0x0000000008007634                __swsetup_r
 .text.startup.register_fini
                0x00000000080076f8       0x14 /usr/bin/../lib/gcc/arm-none-eabi/4.9.3/../../../../arm-none-eabi/lib/armv7e-m/fpu/libg.a(lib_a-__call_atexit.o)
 .text.atexit   0x000000000800770c        0xc /usr/bin/../lib/gcc/arm-none-eabi/4.9.3/../../../../arm-none-eabi/lib/armv7e-m/fpu/libg.a(lib_a-atexit.o)
                0x000000000800770c                atexit
 .text.quorem   0x0000000008007718      0x12c /usr/bin/../lib/gcc/arm-none-eabi/4.9.3/../../../../arm-none-eabi/lib/armv7e-m/fpu/libg.a(lib_a-dtoa.o)
 *fill*         0x0000000008007844        0x4 
 .text._dtoa_r  0x0000000008007848      0xea4 /usr/bin/../lib/gcc/arm-none-eabi/4.9.3/../../../../arm-none-eabi/lib/armv7e-m/fpu/libg.a(lib_a-dtoa.o)
                0x0000000008007848                _dtoa_r
 .text.__sflush_r
                0x00000000080086ec      0x154 /usr/bin/../lib/gcc/arm-none-eabi/4.9.3/../../../../arm-none-eabi/lib/armv7e-m/fpu/libg.a(lib_a-fflush.o)
                0x00000000080086ec                __sflush_r
 .text._fflush_r
                0x0000000008008840       0x2c /usr/bin/../lib/gcc/arm-none-eabi/4.9.3/../../../../arm-none-eabi/lib/armv7e-m/fpu/libg.a(lib_a-fflush.o)
                0x0000000008008840                _fflush_r
 .text._cleanup_r
                0x000000000800886c        0xc /usr/bin/../lib/gcc/arm-none-eabi/4.9.3/../../../../arm-none-eabi/lib/armv7e-m/fpu/libg.a(lib_a-findfp.o)
                0x000000000800886c                _cleanup_r
 .text.__sinit.part.1
                0x0000000008008878       0xf0 /usr/bin/../lib/gcc/arm-none-eabi/4.9.3/../../../../arm-none-eabi/lib/armv7e-m/fpu/libg.a(lib_a-findfp.o)
 .text.__sinit  0x0000000008008968        0xc /usr/bin/../lib/gcc/arm-none-eabi/4.9.3/../../../../arm-none-eabi/lib/armv7e-m/fpu/libg.a(lib_a-findfp.o)
                0x0000000008008968                __sinit
 .text.__sfp_lock_acquire
                0x0000000008008974        0x4 /usr/bin/../lib/gcc/arm-none-eabi/4.9.3/../../../../arm-none-eabi/lib/armv7e-m/fpu/libg.a(lib_a-findfp.o)
                0x0000000008008974                __sfp_lock_acquire
 .text.__sfp_lock_release
                0x0000000008008978        0x4 /usr/bin/../lib/gcc/arm-none-eabi/4.9.3/../../../../arm-none-eabi/lib/armv7e-m/fpu/libg.a(lib_a-findfp.o)
                0x0000000008008978                __sfp_lock_release
 .text.__libc_fini_array
                0x000000000800897c       0x2c /usr/bin/../lib/gcc/arm-none-eabi/4.9.3/../../../../arm-none-eabi/lib/armv7e-m/fpu/libg.a(lib_a-fini.o)
                0x000000000800897c                __libc_fini_array
 .text._malloc_trim_r
                0x00000000080089a8       0x9c /usr/bin/../lib/gcc/arm-none-eabi/4.9.3/../../../../arm-none-eabi/lib/armv7e-m/fpu/libg.a(lib_a-freer.o)
                0x00000000080089a8                _malloc_trim_r
 .text._free_r  0x0000000008008a44      0x1b0 /usr/bin/../lib/gcc/arm-none-eabi/4.9.3/../../../../arm-none-eabi/lib/armv7e-m/fpu/libg.a(lib_a-freer.o)
                0x0000000008008a44                _free_r
 .text.__sfvwrite_r
                0x0000000008008bf4      0x318 /usr/bin/../lib/gcc/arm-none-eabi/4.9.3/../../../../arm-none-eabi/lib/armv7e-m/fpu/libg.a(lib_a-fvwrite.o)
                0x0000000008008bf4                __sfvwrite_r
 .text._fwalk_reent
                0x0000000008008f0c       0x54 /usr/bin/../lib/gcc/arm-none-eabi/4.9.3/../../../../arm-none-eabi/lib/armv7e-m/fpu/libg.a(lib_a-fwalk.o)
                0x0000000008008f0c                _fwalk_reent
 .text.__locale_charset
                0x0000000008008f60        0x8 /usr/bin/../lib/gcc/arm-none-eabi/4.9.3/../../../../arm-none-eabi/lib/armv7e-m/fpu/libg.a(lib_a-locale.o)
                0x0000000008008f60                __locale_charset
 .text.__locale_mb_cur_max
                0x0000000008008f68        0xc /usr/bin/../lib/gcc/arm-none-eabi/4.9.3/../../../../arm-none-eabi/lib/armv7e-m/fpu/libg.a(lib_a-locale.o)
                0x0000000008008f68                __locale_mb_cur_max
 .text._localeconv_r
                0x0000000008008f74        0x8 /usr/bin/../lib/gcc/arm-none-eabi/4.9.3/../../../../arm-none-eabi/lib/armv7e-m/fpu/libg.a(lib_a-locale.o)
                0x0000000008008f74                _localeconv_r
 .text.__smakebuf_r
                0x0000000008008f7c       0xe0 /usr/bin/../lib/gcc/arm-none-eabi/4.9.3/../../../../arm-none-eabi/lib/armv7e-m/fpu/libg.a(lib_a-makebuf.o)
                0x0000000008008f7c                __smakebuf_r
 .text.malloc   0x000000000800905c       0x10 /usr/bin/../lib/gcc/arm-none-eabi/4.9.3/../../../../arm-none-eabi/lib/armv7e-m/fpu/libg.a(lib_a-malloc.o)
                0x000000000800905c                malloc
 .text._malloc_r
                0x000000000800906c      0x524 /usr/bin/../lib/gcc/arm-none-eabi/4.9.3/../../../../arm-none-eabi/lib/armv7e-m/fpu/libg.a(lib_a-mallocr.o)
                0x000000000800906c                _malloc_r
 .text.memchr   0x0000000008009590       0x94 /usr/bin/../lib/gcc/arm-none-eabi/4.9.3/../../../../arm-none-eabi/lib/armv7e-m/fpu/libg.a(lib_a-memchr.o)
                0x0000000008009590                memchr
 .text.memmove  0x0000000008009624       0xc8 /usr/bin/../lib/gcc/arm-none-eabi/4.9.3/../../../../arm-none-eabi/lib/armv7e-m/fpu/libg.a(lib_a-memmove.o)
                0x0000000008009624                memmove
 .text.__malloc_lock
                0x00000000080096ec        0x4 /usr/bin/../lib/gcc/arm-none-eabi/4.9.3/../../../../arm-none-eabi/lib/armv7e-m/fpu/libg.a(lib_a-mlock.o)
                0x00000000080096ec                __malloc_lock
 .text.__malloc_unlock
                0x00000000080096f0        0x4 /usr/bin/../lib/gcc/arm-none-eabi/4.9.3/../../../../arm-none-eabi/lib/armv7e-m/fpu/libg.a(lib_a-mlock.o)
                0x00000000080096f0                __malloc_unlock
 .text._Balloc  0x00000000080096f4       0x4c /usr/bin/../lib/gcc/arm-none-eabi/4.9.3/../../../../arm-none-eabi/lib/armv7e-m/fpu/libg.a(lib_a-mprec.o)
                0x00000000080096f4                _Balloc
 .text._Bfree   0x0000000008009740       0x14 /usr/bin/../lib/gcc/arm-none-eabi/4.9.3/../../../../arm-none-eabi/lib/armv7e-m/fpu/libg.a(lib_a-mprec.o)
                0x0000000008009740                _Bfree
 .text.__multadd
                0x0000000008009754       0x84 /usr/bin/../lib/gcc/arm-none-eabi/4.9.3/../../../../arm-none-eabi/lib/armv7e-m/fpu/libg.a(lib_a-mprec.o)
                0x0000000008009754                __multadd
 .text.__hi0bits
                0x00000000080097d8       0x40 /usr/bin/../lib/gcc/arm-none-eabi/4.9.3/../../../../arm-none-eabi/lib/armv7e-m/fpu/libg.a(lib_a-mprec.o)
                0x00000000080097d8                __hi0bits
 .text.__lo0bits
                0x0000000008009818       0x5c /usr/bin/../lib/gcc/arm-none-eabi/4.9.3/../../../../arm-none-eabi/lib/armv7e-m/fpu/libg.a(lib_a-mprec.o)
                0x0000000008009818                __lo0bits
 .text.__i2b    0x0000000008009874       0x14 /usr/bin/../lib/gcc/arm-none-eabi/4.9.3/../../../../arm-none-eabi/lib/armv7e-m/fpu/libg.a(lib_a-mprec.o)
                0x0000000008009874                __i2b
 .text.__multiply
                0x0000000008009888      0x134 /usr/bin/../lib/gcc/arm-none-eabi/4.9.3/../../../../arm-none-eabi/lib/armv7e-m/fpu/libg.a(lib_a-mprec.o)
                0x0000000008009888                __multiply
 .text.__pow5mult
                0x00000000080099bc       0xa0 /usr/bin/../lib/gcc/arm-none-eabi/4.9.3/../../../../arm-none-eabi/lib/armv7e-m/fpu/libg.a(lib_a-mprec.o)
                0x00000000080099bc                __pow5mult
 .text.__lshift
                0x0000000008009a5c       0xac /usr/bin/../lib/gcc/arm-none-eabi/4.9.3/../../../../arm-none-eabi/lib/armv7e-m/fpu/libg.a(lib_a-mprec.o)
                0x0000000008009a5c                __lshift
 .text.__mcmp   0x0000000008009b08       0x48 /usr/bin/../lib/gcc/arm-none-eabi/4.9.3/../../../../arm-none-eabi/lib/armv7e-m/fpu/libg.a(lib_a-mprec.o)
                0x0000000008009b08                __mcmp
 .text.__mdiff  0x0000000008009b50       0xd4 /usr/bin/../lib/gcc/arm-none-eabi/4.9.3/../../../../arm-none-eabi/lib/armv7e-m/fpu/libg.a(lib_a-mprec.o)
                0x0000000008009b50                __mdiff
 .text.__d2b    0x0000000008009c24       0xbc /usr/bin/../lib/gcc/arm-none-eabi/4.9.3/../../../../arm-none-eabi/lib/armv7e-m/fpu/libg.a(lib_a-mprec.o)
                0x0000000008009c24                __d2b
 .text._putc_r  0x0000000008009ce0       0x58 /usr/bin/../lib/gcc/arm-none-eabi/4.9.3/../../../../arm-none-eabi/lib/armv7e-m/fpu/libg.a(lib_a-putc.o)
                0x0000000008009ce0                _putc_r
 .text._realloc_r
                0x0000000008009d38      0x3ec /usr/bin/../lib/gcc/arm-none-eabi/4.9.3/../../../../arm-none-eabi/lib/armv7e-m/fpu/libg.a(lib_a-reallocr.o)
                0x0000000008009d38                _realloc_r
 .text.__fpclassifyd
                0x000000000800a124       0x5c /usr/bin/../lib/gcc/arm-none-eabi/4.9.3/../../../../arm-none-eabi/lib/armv7e-m/fpu/libg.a(lib_a-s_fpclassify.o)
                0x000000000800a124                __fpclassifyd
 .text.__sread  0x000000000800a180       0x24 /usr/bin/../lib/gcc/arm-none-eabi/4.9.3/../../../../arm-none-eabi/lib/armv7e-m/fpu/libg.a(lib_a-stdio.o)
                0x000000000800a180                __sread
 .text.__swrite
                0x000000000800a1a4       0x38 /usr/bin/../lib/gcc/arm-none-eabi/4.9.3/../../../../arm-none-eabi/lib/armv7e-m/fpu/libg.a(lib_a-stdio.o)
                0x000000000800a1a4                __swrite
 .text.__sseek  0x000000000800a1dc       0x20 /usr/bin/../lib/gcc/arm-none-eabi/4.9.3/../../../../arm-none-eabi/lib/armv7e-m/fpu/libg.a(lib_a-stdio.o)
                0x000000000800a1dc                __sseek
 .text.__sclose
                0x000000000800a1fc        0x8 /usr/bin/../lib/gcc/arm-none-eabi/4.9.3/../../../../arm-none-eabi/lib/armv7e-m/fpu/libg.a(lib_a-stdio.o)
                0x000000000800a1fc                __sclose
 .text.__sprint_r.part.0
                0x000000000800a204       0x78 /usr/bin/../lib/gcc/arm-none-eabi/4.9.3/../../../../arm-none-eabi/lib/armv7e-m/fpu/libg.a(lib_a-vfiprintf.o)
 .text.__sprint_r
                0x000000000800a27c       0x18 /usr/bin/../lib/gcc/arm-none-eabi/4.9.3/../../../../arm-none-eabi/lib/armv7e-m/fpu/libg.a(lib_a-vfiprintf.o)
                0x000000000800a27c                __sprint_r
 .text.__swbuf_r
                0x000000000800a294       0xa8 /usr/bin/../lib/gcc/arm-none-eabi/4.9.3/../../../../arm-none-eabi/lib/armv7e-m/fpu/libg.a(lib_a-wbuf.o)
                0x000000000800a294                __swbuf_r
 .text.__register_exitproc
                0x000000000800a33c       0xa4 /usr/bin/../lib/gcc/arm-none-eabi/4.9.3/../../../../arm-none-eabi/lib/armv7e-m/fpu/libg.a(lib_a-__atexit.o)
                0x000000000800a33c                __register_exitproc
 .text._calloc_r
                0x000000000800a3e0       0x60 /usr/bin/../lib/gcc/arm-none-eabi/4.9.3/../../../../arm-none-eabi/lib/armv7e-m/fpu/libg.a(lib_a-callocr.o)
                0x000000000800a3e0                _calloc_r
 .text._fclose_r
                0x000000000800a440       0x84 /usr/bin/../lib/gcc/arm-none-eabi/4.9.3/../../../../arm-none-eabi/lib/armv7e-m/fpu/libg.a(lib_a-fclose.o)
                0x000000000800a440                _fclose_r
 .text.__fputwc
                0x000000000800a4c4       0xb0 /usr/bin/../lib/gcc/arm-none-eabi/4.9.3/../../../../arm-none-eabi/lib/armv7e-m/fpu/libg.a(lib_a-fputwc.o)
                0x000000000800a4c4                __fputwc
 .text._fputwc_r
                0x000000000800a574       0x24 /usr/bin/../lib/gcc/arm-none-eabi/4.9.3/../../../../arm-none-eabi/lib/armv7e-m/fpu/libg.a(lib_a-fputwc.o)
                0x000000000800a574                _fputwc_r
 .text._wcrtomb_r
                0x000000000800a598       0x54 /usr/bin/../lib/gcc/arm-none-eabi/4.9.3/../../../../arm-none-eabi/lib/armv7e-m/fpu/libg.a(lib_a-wcrtomb.o)
                0x000000000800a598                _wcrtomb_r
 .text.__ascii_wctomb
                0x000000000800a5ec       0x1c /usr/bin/../lib/gcc/arm-none-eabi/4.9.3/../../../../arm-none-eabi/lib/armv7e-m/fpu/libg.a(lib_a-wctomb_r.o)
                0x000000000800a5ec                __ascii_wctomb
 *(.glue_7)
 .glue_7        0x0000000000000000        0x0 linker stubs
 *(.glue_7t)
 .glue_7t       0x0000000000000000        0x0 linker stubs
 *(.eh_frame)
 .eh_frame      0x000000000800a608        0x0 /usr/bin/../lib/gcc/arm-none-eabi/4.9.3/armv7e-m/fpu/crtbegin.o
 *(.init)
 .init          0x000000000800a608        0x4 /usr/bin/../lib/gcc/arm-none-eabi/4.9.3/armv7e-m/fpu/crti.o
                0x000000000800a608                _init
 .init          0x000000000800a60c        0x8 /usr/bin/../lib/gcc/arm-none-eabi/4.9.3/armv7e-m/fpu/crtn.o
 *(.fini)
 .fini          0x000000000800a614        0x4 /usr/bin/../lib/gcc/arm-none-eabi/4.9.3/armv7e-m/fpu/crti.o
                0x000000000800a614                _fini
 .fini          0x000000000800a618        0x8 /usr/bin/../lib/gcc/arm-none-eabi/4.9.3/armv7e-m/fpu/crtn.o
                0x000000000800a620                . = ALIGN (0x4)
                0x000000000800a620                _etext = .

.vfp11_veneer   0x000000000800a620        0x0
 .vfp11_veneer  0x0000000000000000        0x0 linker stubs

.v4_bx          0x000000000800a620        0x0
 .v4_bx         0x0000000000000000        0x0 linker stubs

.iplt           0x000000000800a620        0x0
 .iplt          0x0000000000000000        0x0 /usr/bin/../lib/gcc/arm-none-eabi/4.9.3/armv7e-m/fpu/crtbegin.o

.rodata         0x000000000800a620    0x10848
                0x000000000800a620                . = ALIGN (0x4)
 *(.rodata)
 *(.rodata*)
 .rodata.str1.1
                0x000000000800a620      0x1d2 main.o
                                        0x1d9 (size before relaxing)
 .rodata.LEDs   0x000000000800a7f2        0x8 main.o
                0x000000000800a7f2                LEDs
 .rodata.str1.1
                0x000000000800a7fa       0x55 usart.o
 .rodata.str1.1
                0x000000000800a84f       0x4b monitor.o
                                         0x4d (size before relaxing)
 .rodata.str1.1
                0x000000000800a89a       0xe4 parser.o
 .rodata.__FUNCTION__.5819
                0x000000000800a97e        0x6 parser.o
 .rodata.str1.1
                0x000000000800a984      0x1fc dump.o
                                        0x1fe (size before relaxing)
 .rodata.str1.1
                0x000000000800ab80       0xaa terminal.o
                                         0xac (size before relaxing)
 .rodata.str1.1
                0x000000000800ac2a      0x4b8 decoder/decoder.o
                                        0x4c0 (size before relaxing)
 *fill*         0x000000000800b0e2        0x2 
 .rodata.TIM1_CCER_fields
                0x000000000800b0e4       0xa0 decoder/STM32F30x_decoder.o
                0x000000000800b0e4                TIM1_CCER_fields
 .rodata.DMA1_registers
                0x000000000800b184      0x174 decoder/STM32F30x_decoder.o
                0x000000000800b184                DMA1_registers
 .rodata.SPI1_DR_fields
                0x000000000800b2f8       0x10 decoder/STM32F30x_decoder.o
                0x000000000800b2f8                SPI1_DR_fields
 .rodata.ADC1_2_CSR_fields
                0x000000000800b308       0xb8 decoder/STM32F30x_decoder.o
                0x000000000800b308                ADC1_2_CSR_fields
 .rodata.USB_FS_USB_EP3R_fields
                0x000000000800b3c0       0x58 decoder/STM32F30x_decoder.o
                0x000000000800b3c0                USB_FS_USB_EP3R_fields
 .rodata.GPIOB_PUPDR_fields
                0x000000000800b418       0x88 decoder/STM32F30x_decoder.o
                0x000000000800b418                GPIOB_PUPDR_fields
 .rodata.TSC_IOG8CR_fields
                0x000000000800b4a0       0x10 decoder/STM32F30x_decoder.o
                0x000000000800b4a0                TSC_IOG8CR_fields
 .rodata.TIM1_CCMR3_Output_fields
                0x000000000800b4b0       0x58 decoder/STM32F30x_decoder.o
                0x000000000800b4b0                TIM1_CCMR3_Output_fields
 .rodata.TIM1_SMCR_fields
                0x000000000800b508       0x50 decoder/STM32F30x_decoder.o
                0x000000000800b508                TIM1_SMCR_fields
 .rodata.RTC_SHIFTR_fields
                0x000000000800b558       0x18 decoder/STM32F30x_decoder.o
                0x000000000800b558                RTC_SHIFTR_fields
 .rodata.CAN_F24R1_fields
                0x000000000800b570      0x108 decoder/STM32F30x_decoder.o
                0x000000000800b570                CAN_F24R1_fields
 .rodata.RTC_TSDR_fields
                0x000000000800b678       0x30 decoder/STM32F30x_decoder.o
                0x000000000800b678                RTC_TSDR_fields
 .rodata.RTC_BKP22R_fields
                0x000000000800b6a8       0x10 decoder/STM32F30x_decoder.o
                0x000000000800b6a8                RTC_BKP22R_fields
 .rodata.TIM1_CCMR2_Output_fields
                0x000000000800b6b8       0x68 decoder/STM32F30x_decoder.o
                0x000000000800b6b8                TIM1_CCMR2_Output_fields
 .rodata.TIM17_RCR_fields
                0x000000000800b720       0x10 decoder/STM32F30x_decoder.o
                0x000000000800b720                TIM17_RCR_fields
 .rodata.EXTI_EMR1_fields
                0x000000000800b730      0x108 decoder/STM32F30x_decoder.o
                0x000000000800b730                EXTI_EMR1_fields
 .rodata.CAN_F11R2_fields
                0x000000000800b838      0x108 decoder/STM32F30x_decoder.o
                0x000000000800b838                CAN_F11R2_fields
 .rodata.USB_FS_ISTR_fields
                0x000000000800b940       0x58 decoder/STM32F30x_decoder.o
                0x000000000800b940                USB_FS_ISTR_fields
 .rodata.I2C1_ICR_fields
                0x000000000800b998       0x50 decoder/STM32F30x_decoder.o
                0x000000000800b998                I2C1_ICR_fields
 .rodata.TIM16_ARR_fields
                0x000000000800b9e8       0x10 decoder/STM32F30x_decoder.o
                0x000000000800b9e8                TIM16_ARR_fields
 .rodata.RTC_ISR_fields
                0x000000000800b9f8       0x90 decoder/STM32F30x_decoder.o
                0x000000000800b9f8                RTC_ISR_fields
 .rodata.RTC_BKP27R_fields
                0x000000000800ba88       0x10 decoder/STM32F30x_decoder.o
                0x000000000800ba88                RTC_BKP27R_fields
 .rodata.TIM8_CCR6_fields
                0x000000000800ba98       0x10 decoder/STM32F30x_decoder.o
                0x000000000800ba98                TIM8_CCR6_fields
 .rodata.TIM17_BDTR_fields
                0x000000000800baa8       0x50 decoder/STM32F30x_decoder.o
                0x000000000800baa8                TIM17_BDTR_fields
 .rodata.TIM8_CCMR1_Input_fields
                0x000000000800baf8       0x38 decoder/STM32F30x_decoder.o
                0x000000000800baf8                TIM8_CCMR1_Input_fields
 .rodata.DAC_registers
                0x000000000800bb30       0xb4 decoder/STM32F30x_decoder.o
                0x000000000800bb30                DAC_registers
 .rodata.IWDG_WINR_fields
                0x000000000800bbe4       0x10 decoder/STM32F30x_decoder.o
                0x000000000800bbe4                IWDG_WINR_fields
 .rodata.CAN_F19R2_fields
                0x000000000800bbf4      0x108 decoder/STM32F30x_decoder.o
                0x000000000800bbf4                CAN_F19R2_fields
 .rodata.CAN_RF1R_fields
                0x000000000800bcfc       0x28 decoder/STM32F30x_decoder.o
                0x000000000800bcfc                CAN_RF1R_fields
 .rodata.RTC_BKP16R_fields
                0x000000000800bd24       0x10 decoder/STM32F30x_decoder.o
                0x000000000800bd24                RTC_BKP16R_fields
 .rodata.RTC_CALR_fields
                0x000000000800bd34       0x28 decoder/STM32F30x_decoder.o
                0x000000000800bd34                RTC_CALR_fields
 .rodata.TIM2_SR_fields
                0x000000000800bd5c       0x58 decoder/STM32F30x_decoder.o
                0x000000000800bd5c                TIM2_SR_fields
 .rodata.SYSCFG_EXTICR2_fields
                0x000000000800bdb4       0x28 decoder/STM32F30x_decoder.o
                0x000000000800bdb4                SYSCFG_EXTICR2_fields
 .rodata.CAN_MCR_fields
                0x000000000800bddc       0x58 decoder/STM32F30x_decoder.o
                0x000000000800bddc                CAN_MCR_fields
 .rodata.TIM17_SR_fields
                0x000000000800be34       0x38 decoder/STM32F30x_decoder.o
                0x000000000800be34                TIM17_SR_fields
 .rodata.USART1_GTPR_fields
                0x000000000800be6c       0x18 decoder/STM32F30x_decoder.o
                0x000000000800be6c                USART1_GTPR_fields
 .rodata.DAC_DOR1_fields
                0x000000000800be84       0x10 decoder/STM32F30x_decoder.o
                0x000000000800be84                DAC_DOR1_fields
 .rodata.CAN_F1R1_fields
                0x000000000800be94      0x108 decoder/STM32F30x_decoder.o
                0x000000000800be94                CAN_F1R1_fields
 .rodata.CAN_FA1R_fields
                0x000000000800bf9c       0xe8 decoder/STM32F30x_decoder.o
                0x000000000800bf9c                CAN_FA1R_fields
 .rodata.RTC_BKP6R_fields
                0x000000000800c084       0x10 decoder/STM32F30x_decoder.o
                0x000000000800c084                RTC_BKP6R_fields
 .rodata.RCC_CFGR_fields
                0x000000000800c094       0x68 decoder/STM32F30x_decoder.o
                0x000000000800c094                RCC_CFGR_fields
 .rodata.PWR_CR_fields
                0x000000000800c0fc       0x40 decoder/STM32F30x_decoder.o
                0x000000000800c0fc                PWR_CR_fields
 .rodata.NVIC_ISER0_fields
                0x000000000800c13c       0x10 decoder/STM32F30x_decoder.o
                0x000000000800c13c                NVIC_ISER0_fields
 .rodata.DMA1_CPAR7_fields
                0x000000000800c14c       0x10 decoder/STM32F30x_decoder.o
                0x000000000800c14c                DMA1_CPAR7_fields
 .rodata.TSC_IOHCR_fields
                0x000000000800c15c      0x108 decoder/STM32F30x_decoder.o
                0x000000000800c15c                TSC_IOHCR_fields
 .rodata.CAN_F27R1_fields
                0x000000000800c264      0x108 decoder/STM32F30x_decoder.o
                0x000000000800c264                CAN_F27R1_fields
 .rodata.TIM6_ARR_fields
                0x000000000800c36c       0x10 decoder/STM32F30x_decoder.o
                0x000000000800c36c                TIM6_ARR_fields
 .rodata.CAN_F12R1_fields
                0x000000000800c37c      0x108 decoder/STM32F30x_decoder.o
                0x000000000800c37c                CAN_F12R1_fields
 .rodata.TIM15_DCR_fields
                0x000000000800c484       0x18 decoder/STM32F30x_decoder.o
                0x000000000800c484                TIM15_DCR_fields
 .rodata.NVIC_IPR18_fields
                0x000000000800c49c       0x28 decoder/STM32F30x_decoder.o
                0x000000000800c49c                NVIC_IPR18_fields
 .rodata.RTC_BKP13R_fields
                0x000000000800c4c4       0x10 decoder/STM32F30x_decoder.o
                0x000000000800c4c4                RTC_BKP13R_fields
 .rodata.CAN_BTR_fields
                0x000000000800c4d4       0x38 decoder/STM32F30x_decoder.o
                0x000000000800c4d4                CAN_BTR_fields
 .rodata.TIM15_BDTR_fields
                0x000000000800c50c       0x50 decoder/STM32F30x_decoder.o
                0x000000000800c50c                TIM15_BDTR_fields
 .rodata.NVIC_IPR1_fields
                0x000000000800c55c       0x28 decoder/STM32F30x_decoder.o
                0x000000000800c55c                NVIC_IPR1_fields
 .rodata.TIM15_PSC_fields
                0x000000000800c584       0x10 decoder/STM32F30x_decoder.o
                0x000000000800c584                TIM15_PSC_fields
 .rodata.Flash_ACR_fields
                0x000000000800c594       0x20 decoder/STM32F30x_decoder.o
                0x000000000800c594                Flash_ACR_fields
 .rodata.TIM17_CCMR1_Output_fields
                0x000000000800c5b4       0x30 decoder/STM32F30x_decoder.o
                0x000000000800c5b4                TIM17_CCMR1_Output_fields
 .rodata.TIM2_ARR_fields
                0x000000000800c5e4       0x18 decoder/STM32F30x_decoder.o
                0x000000000800c5e4                TIM2_ARR_fields
 .rodata.Flash_registers
                0x000000000800c5fc       0x6c decoder/STM32F30x_decoder.o
                0x000000000800c5fc                Flash_registers
 .rodata.CAN_TDH0R_fields
                0x000000000800c668       0x28 decoder/STM32F30x_decoder.o
                0x000000000800c668                CAN_TDH0R_fields
 .rodata.TIM1_DCR_fields
                0x000000000800c690       0x18 decoder/STM32F30x_decoder.o
                0x000000000800c690                TIM1_DCR_fields
 .rodata.CAN_TI2R_fields
                0x000000000800c6a8       0x30 decoder/STM32F30x_decoder.o
                0x000000000800c6a8                CAN_TI2R_fields
 .rodata.ADC1_IER_fields
                0x000000000800c6d8       0x60 decoder/STM32F30x_decoder.o
                0x000000000800c6d8                ADC1_IER_fields
 .rodata.NVIC_ICPR2_fields
                0x000000000800c738       0x10 decoder/STM32F30x_decoder.o
                0x000000000800c738                NVIC_ICPR2_fields
 .rodata.EXTI_IMR1_fields
                0x000000000800c748      0x108 decoder/STM32F30x_decoder.o
                0x000000000800c748                EXTI_IMR1_fields
 .rodata.TSC_IOASCR_fields
                0x000000000800c850      0x108 decoder/STM32F30x_decoder.o
                0x000000000800c850                TSC_IOASCR_fields
 .rodata.RCC_CFGR2_fields
                0x000000000800c958       0x20 decoder/STM32F30x_decoder.o
                0x000000000800c958                RCC_CFGR2_fields
 .rodata.TIM1_PSC_fields
                0x000000000800c978       0x10 decoder/STM32F30x_decoder.o
                0x000000000800c978                TIM1_PSC_fields
 .rodata.Flash_KEYR_fields
                0x000000000800c988       0x10 decoder/STM32F30x_decoder.o
                0x000000000800c988                Flash_KEYR_fields
 .rodata.TIM8_CR2_fields
                0x000000000800c998       0x80 decoder/STM32F30x_decoder.o
                0x000000000800c998                TIM8_CR2_fields
 .rodata.ADC1_CFGR_fields
                0x000000000800ca18       0xa0 decoder/STM32F30x_decoder.o
                0x000000000800ca18                ADC1_CFGR_fields
 .rodata.TIM17_EGR_fields
                0x000000000800cab8       0x30 decoder/STM32F30x_decoder.o
                0x000000000800cab8                TIM17_EGR_fields
 .rodata.TSC_IOGCSR_fields
                0x000000000800cae8       0x88 decoder/STM32F30x_decoder.o
                0x000000000800cae8                TSC_IOGCSR_fields
 .rodata.NVIC_IPR0_fields
                0x000000000800cb70       0x28 decoder/STM32F30x_decoder.o
                0x000000000800cb70                NVIC_IPR0_fields
 .rodata.NVIC_IPR8_fields
                0x000000000800cb98       0x28 decoder/STM32F30x_decoder.o
                0x000000000800cb98                NVIC_IPR8_fields
 .rodata.RTC_WUTR_fields
                0x000000000800cbc0       0x10 decoder/STM32F30x_decoder.o
                0x000000000800cbc0                RTC_WUTR_fields
 .rodata.GPIOB_OSPEEDR_fields
                0x000000000800cbd0       0x88 decoder/STM32F30x_decoder.o
                0x000000000800cbd0                GPIOB_OSPEEDR_fields
 .rodata.ADC1_ISR_fields
                0x000000000800cc58       0x60 decoder/STM32F30x_decoder.o
                0x000000000800cc58                ADC1_ISR_fields
 .rodata.NVIC_ICER1_fields
                0x000000000800ccb8       0x10 decoder/STM32F30x_decoder.o
                0x000000000800ccb8                NVIC_ICER1_fields
 .rodata.RTC_BKP7R_fields
                0x000000000800ccc8       0x10 decoder/STM32F30x_decoder.o
                0x000000000800ccc8                RTC_BKP7R_fields
 .rodata.CAN_RF0R_fields
                0x000000000800ccd8       0x28 decoder/STM32F30x_decoder.o
                0x000000000800ccd8                CAN_RF0R_fields
 .rodata.CAN_FS1R_fields
                0x000000000800cd00       0xe8 decoder/STM32F30x_decoder.o
                0x000000000800cd00                CAN_FS1R_fields
 .rodata.GPIOA_AFRL_fields
                0x000000000800cde8       0x48 decoder/STM32F30x_decoder.o
                0x000000000800cde8                GPIOA_AFRL_fields
 .rodata.DMA1_CMAR3_fields
                0x000000000800ce30       0x10 decoder/STM32F30x_decoder.o
                0x000000000800ce30                DMA1_CMAR3_fields
 .rodata.ADC1_SQR1_fields
                0x000000000800ce40       0x30 decoder/STM32F30x_decoder.o
                0x000000000800ce40                ADC1_SQR1_fields
 .rodata.CAN_F15R2_fields
                0x000000000800ce70      0x108 decoder/STM32F30x_decoder.o
                0x000000000800ce70                CAN_F15R2_fields
 .rodata.IWDG_PR_fields
                0x000000000800cf78       0x10 decoder/STM32F30x_decoder.o
                0x000000000800cf78                IWDG_PR_fields
 .rodata.TIM2_DMAR_fields
                0x000000000800cf88       0x10 decoder/STM32F30x_decoder.o
                0x000000000800cf88                TIM2_DMAR_fields
 .rodata.I2C1_TIMEOUTR_fields
                0x000000000800cf98       0x30 decoder/STM32F30x_decoder.o
                0x000000000800cf98                I2C1_TIMEOUTR_fields
 .rodata.GPIOB_LCKR_fields
                0x000000000800cfc8       0x90 decoder/STM32F30x_decoder.o
                0x000000000800cfc8                GPIOB_LCKR_fields
 .rodata.DAC_DHR8R1_fields
                0x000000000800d058       0x10 decoder/STM32F30x_decoder.o
                0x000000000800d058                DAC_DHR8R1_fields
 .rodata.TIM1_CCMR1_Output_fields
                0x000000000800d068       0x68 decoder/STM32F30x_decoder.o
                0x000000000800d068                TIM1_CCMR1_Output_fields
 .rodata.TIM1_CCR2_fields
                0x000000000800d0d0       0x10 decoder/STM32F30x_decoder.o
                0x000000000800d0d0                TIM1_CCR2_fields
 .rodata.TIM1_OR_fields
                0x000000000800d0e0       0x18 decoder/STM32F30x_decoder.o
                0x000000000800d0e0                TIM1_OR_fields
 .rodata.USART1_TDR_fields
                0x000000000800d0f8       0x10 decoder/STM32F30x_decoder.o
                0x000000000800d0f8                USART1_TDR_fields
 .rodata.NVIC_STIR_fields
                0x000000000800d108       0x10 decoder/STM32F30x_decoder.o
                0x000000000800d108                NVIC_STIR_fields
 .rodata.USB_FS_USB_EP7R_fields
                0x000000000800d118       0x58 decoder/STM32F30x_decoder.o
                0x000000000800d118                USB_FS_USB_EP7R_fields
 .rodata.ADC1_SQR4_fields
                0x000000000800d170       0x18 decoder/STM32F30x_decoder.o
                0x000000000800d170                ADC1_SQR4_fields
 .rodata.SYSCFG_registers
                0x000000000800d188       0x60 decoder/STM32F30x_decoder.o
                0x000000000800d188                SYSCFG_registers
 .rodata.PWR_CSR_fields
                0x000000000800d1e8       0x30 decoder/STM32F30x_decoder.o
                0x000000000800d1e8                PWR_CSR_fields
 .rodata.GPIOB_AFRH_fields
                0x000000000800d218       0x48 decoder/STM32F30x_decoder.o
                0x000000000800d218                GPIOB_AFRH_fields
 .rodata.FPU_FPCCR_fields
                0x000000000800d260       0x50 decoder/STM32F30x_decoder.o
                0x000000000800d260                FPU_FPCCR_fields
 .rodata.DBGMCU_APB2FZ_fields
                0x000000000800d2b0       0x28 decoder/STM32F30x_decoder.o
                0x000000000800d2b0                DBGMCU_APB2FZ_fields
 .rodata.TIM8_CCR1_fields
                0x000000000800d2d8       0x10 decoder/STM32F30x_decoder.o
                0x000000000800d2d8                TIM8_CCR1_fields
 .rodata.WWDG_SR_fields
                0x000000000800d2e8       0x10 decoder/STM32F30x_decoder.o
                0x000000000800d2e8                WWDG_SR_fields
 .rodata.TIM16_DIER_fields
                0x000000000800d2f8       0x50 decoder/STM32F30x_decoder.o
                0x000000000800d2f8                TIM16_DIER_fields
 .rodata.TIM1_CCR5_fields
                0x000000000800d348       0x28 decoder/STM32F30x_decoder.o
                0x000000000800d348                TIM1_CCR5_fields
 .rodata.TIM8_BDTR_fields
                0x000000000800d370       0x68 decoder/STM32F30x_decoder.o
                0x000000000800d370                TIM8_BDTR_fields
 .rodata.Flash_CR_fields
                0x000000000800d3d8       0x60 decoder/STM32F30x_decoder.o
                0x000000000800d3d8                Flash_CR_fields
 .rodata.RTC_BKP26R_fields
                0x000000000800d438       0x10 decoder/STM32F30x_decoder.o
                0x000000000800d438                RTC_BKP26R_fields
 .rodata.Flash_OBR_fields
                0x000000000800d448       0x60 decoder/STM32F30x_decoder.o
                0x000000000800d448                Flash_OBR_fields
 .rodata.ADC1_AWD2CR_fields
                0x000000000800d4a8       0x10 decoder/STM32F30x_decoder.o
                0x000000000800d4a8                ADC1_AWD2CR_fields
 .rodata.FPU_registers
                0x000000000800d4b8       0x54 decoder/STM32F30x_decoder.o
                0x000000000800d4b8                FPU_registers
 .rodata.DAC_CR_fields
                0x000000000800d50c       0x88 decoder/STM32F30x_decoder.o
                0x000000000800d50c                DAC_CR_fields
 .rodata.NVIC_IPR10_fields
                0x000000000800d594       0x28 decoder/STM32F30x_decoder.o
                0x000000000800d594                NVIC_IPR10_fields
 .rodata.TIM15_CCR1_fields
                0x000000000800d5bc       0x10 decoder/STM32F30x_decoder.o
                0x000000000800d5bc                TIM15_CCR1_fields
 .rodata.RTC_ALRMAR_fields
                0x000000000800d5cc       0x78 decoder/STM32F30x_decoder.o
                0x000000000800d5cc                RTC_ALRMAR_fields
 .rodata.GPIOA_BSRR_fields
                0x000000000800d644      0x108 decoder/STM32F30x_decoder.o
                0x000000000800d644                GPIOA_BSRR_fields
 .rodata.TIM16_SR_fields
                0x000000000800d74c       0x38 decoder/STM32F30x_decoder.o
                0x000000000800d74c                TIM16_SR_fields
 .rodata.CAN_F6R1_fields
                0x000000000800d784      0x108 decoder/STM32F30x_decoder.o
                0x000000000800d784                CAN_F6R1_fields
 .rodata.ADC1_OFR1_fields
                0x000000000800d88c       0x20 decoder/STM32F30x_decoder.o
                0x000000000800d88c                ADC1_OFR1_fields
 .rodata.TIM15_CR1_fields
                0x000000000800d8ac       0x40 decoder/STM32F30x_decoder.o
                0x000000000800d8ac                TIM15_CR1_fields
 .rodata.NVIC_IABR2_fields
                0x000000000800d8ec       0x10 decoder/STM32F30x_decoder.o
                0x000000000800d8ec                NVIC_IABR2_fields
 .rodata.DMA1_CCR2_fields
                0x000000000800d8fc       0x68 decoder/STM32F30x_decoder.o
                0x000000000800d8fc                DMA1_CCR2_fields
 .rodata.NVIC_IPR13_fields
                0x000000000800d964       0x28 decoder/STM32F30x_decoder.o
                0x000000000800d964                NVIC_IPR13_fields
 .rodata.CAN_F22R2_fields
                0x000000000800d98c      0x108 decoder/STM32F30x_decoder.o
                0x000000000800d98c                CAN_F22R2_fields
 .rodata.CAN_F0R2_fields
                0x000000000800da94      0x108 decoder/STM32F30x_decoder.o
                0x000000000800da94                CAN_F0R2_fields
 .rodata.RTC_BKP0R_fields
                0x000000000800db9c       0x10 decoder/STM32F30x_decoder.o
                0x000000000800db9c                RTC_BKP0R_fields
 .rodata.CAN_F19R1_fields
                0x000000000800dbac      0x108 decoder/STM32F30x_decoder.o
                0x000000000800dbac                CAN_F19R1_fields
 .rodata.DMA1_IFCR_fields
                0x000000000800dcb4       0xe8 decoder/STM32F30x_decoder.o
                0x000000000800dcb4                DMA1_IFCR_fields
 .rodata.TIM16_CCMR1_Input_fields
                0x000000000800dd9c       0x20 decoder/STM32F30x_decoder.o
                0x000000000800dd9c                TIM16_CCMR1_Input_fields
 .rodata.TIM2_SMCR_fields
                0x000000000800ddbc       0x50 decoder/STM32F30x_decoder.o
                0x000000000800ddbc                TIM2_SMCR_fields
 .rodata.CAN_TDT1R_fields
                0x000000000800de0c       0x20 decoder/STM32F30x_decoder.o
                0x000000000800de0c                CAN_TDT1R_fields
 .rodata.COMP_COMP6_CSR_fields
                0x000000000800de2c       0x60 decoder/STM32F30x_decoder.o
                0x000000000800de2c                COMP_COMP6_CSR_fields
 .rodata.I2C1_CR2_fields
                0x000000000800de8c       0x70 decoder/STM32F30x_decoder.o
                0x000000000800de8c                I2C1_CR2_fields
 .rodata.TIM1_CR1_fields
                0x000000000800defc       0x50 decoder/STM32F30x_decoder.o
                0x000000000800defc                TIM1_CR1_fields
 .rodata.CAN_F26R2_fields
                0x000000000800df4c      0x108 decoder/STM32F30x_decoder.o
                0x000000000800df4c                CAN_F26R2_fields
 .rodata.RTC_BKP10R_fields
                0x000000000800e054       0x10 decoder/STM32F30x_decoder.o
                0x000000000800e054                RTC_BKP10R_fields
 .rodata.DMA1_CMAR6_fields
                0x000000000800e064       0x10 decoder/STM32F30x_decoder.o
                0x000000000800e064                DMA1_CMAR6_fields
 .rodata.CAN_F23R1_fields
                0x000000000800e074      0x108 decoder/STM32F30x_decoder.o
                0x000000000800e074                CAN_F23R1_fields
 .rodata.NVIC_IPR20_fields
                0x000000000800e17c       0x28 decoder/STM32F30x_decoder.o
                0x000000000800e17c                NVIC_IPR20_fields
 .rodata.ADC1_DR_fields
                0x000000000800e1a4       0x10 decoder/STM32F30x_decoder.o
                0x000000000800e1a4                ADC1_DR_fields
 .rodata.CAN_F16R1_fields
                0x000000000800e1b4      0x108 decoder/STM32F30x_decoder.o
                0x000000000800e1b4                CAN_F16R1_fields
 .rodata.TSC_registers
                0x000000000800e2bc       0xd8 decoder/STM32F30x_decoder.o
                0x000000000800e2bc                TSC_registers
 .rodata.ADC1_registers
                0x000000000800e394      0x150 decoder/STM32F30x_decoder.o
                0x000000000800e394                ADC1_registers
 .rodata.TIM17_CR2_fields
                0x000000000800e4e4       0x30 decoder/STM32F30x_decoder.o
                0x000000000800e4e4                TIM17_CR2_fields
 .rodata.PWR_registers
                0x000000000800e514       0x24 decoder/STM32F30x_decoder.o
                0x000000000800e514                PWR_registers
 .rodata.TIM8_ARR_fields
                0x000000000800e538       0x10 decoder/STM32F30x_decoder.o
                0x000000000800e538                TIM8_ARR_fields
 .rodata.EXTI_RTSR1_fields
                0x000000000800e548       0xd8 decoder/STM32F30x_decoder.o
                0x000000000800e548                EXTI_RTSR1_fields
 .rodata.RCC_APB2ENR_fields
                0x000000000800e620       0x48 decoder/STM32F30x_decoder.o
                0x000000000800e620                RCC_APB2ENR_fields
 .rodata.NVIC_IPR3_fields
                0x000000000800e668       0x28 decoder/STM32F30x_decoder.o
                0x000000000800e668                NVIC_IPR3_fields
 .rodata.I2C1_TIMINGR_fields
                0x000000000800e690       0x30 decoder/STM32F30x_decoder.o
                0x000000000800e690                I2C1_TIMINGR_fields
 .rodata.USART1_CR1_fields
                0x000000000800e6c0       0xa8 decoder/STM32F30x_decoder.o
                0x000000000800e6c0                USART1_CR1_fields
 .rodata.CAN_F13R1_fields
                0x000000000800e768      0x108 decoder/STM32F30x_decoder.o
                0x000000000800e768                CAN_F13R1_fields
 .rodata.RCC_CSR_fields
                0x000000000800e870       0x58 decoder/STM32F30x_decoder.o
                0x000000000800e870                RCC_CSR_fields
 .rodata.GPIOB_BSRR_fields
                0x000000000800e8c8      0x108 decoder/STM32F30x_decoder.o
                0x000000000800e8c8                GPIOB_BSRR_fields
 .rodata.DES_UID0_fields
                0x000000000800e9d0       0x18 decoder/STM32F30x_decoder.o
                0x000000000800e9d0                DES_UID0_fields
 .rodata.NVIC_IABR0_fields
                0x000000000800e9e8       0x10 decoder/STM32F30x_decoder.o
                0x000000000800e9e8                NVIC_IABR0_fields
 .rodata.TIM2_EGR_fields
                0x000000000800e9f8       0x38 decoder/STM32F30x_decoder.o
                0x000000000800e9f8                TIM2_EGR_fields
 .rodata.USART1_CR3_fields
                0x000000000800ea30       0xa0 decoder/STM32F30x_decoder.o
                0x000000000800ea30                USART1_CR3_fields
 .rodata.TIM2_DIER_fields
                0x000000000800ead0       0x68 decoder/STM32F30x_decoder.o
                0x000000000800ead0                TIM2_DIER_fields
 .rodata.CAN_MSR_fields
                0x000000000800eb38       0x50 decoder/STM32F30x_decoder.o
                0x000000000800eb38                CAN_MSR_fields
 .rodata.DAC_DHR12L1_fields
                0x000000000800eb88       0x10 decoder/STM32F30x_decoder.o
                0x000000000800eb88                DAC_DHR12L1_fields
 .rodata.FPU_MVFR0_fields
                0x000000000800eb98       0x48 decoder/STM32F30x_decoder.o
                0x000000000800eb98                FPU_MVFR0_fields
 .rodata.SPI1_CR1_fields
                0x000000000800ebe0       0x78 decoder/STM32F30x_decoder.o
                0x000000000800ebe0                SPI1_CR1_fields
 .rodata.EXTI_registers
                0x000000000800ec58       0x9c decoder/STM32F30x_decoder.o
                0x000000000800ec58                EXTI_registers
 .rodata.USB_FS_DADDR_fields
                0x000000000800ecf4       0x48 decoder/STM32F30x_decoder.o